Microchip MPLAB XC8 Compiler V2.50

Linker command line:

-W-3 \
  --edf=C:\Program Files\Microchip\xc8\v2.50\pic\dat\20240725155939_en.msgs \
  -cn -h+dist/default/production\BMP180-SENSOR.X.production.sym \
  --cmf=dist/default/production\BMP180-SENSOR.X.production.cmf -z -Q16F877A \
  -oC:\Users\pc1\AppData\Local\Temp\xcAsk38.\driver_tmp_3.o \
  --defsym=__MPLAB_BUILD=1 --fixupoverflow=error \
  -Mdist/default/production/BMP180-SENSOR.X.production.map \
  --md=C:\Users\pc1\AppData\Local\Temp\xcAsk38.\driver_tmp_0.dat -E1 \
  -ver=XC8 Compiler --acfsm=1493 -ACODE=00h-07FFhx4 -ASTRCODE=00h-01FFFh \
  -ASTRING=00h-0FFhx32 -ACONST=00h-0FFhx32 -AENTRY=00h-0FFhx32 \
  -ACOMMON=070h-07Fh -ABANK0=020h-06Fh -ABANK1=0A0h-0EFh \
  -ABANK2=0110h-016Fh -ABANK3=0190h-01EFh \
  -ARAM=020h-06Fh,0A0h-0EFh,0110h-016Fh,0190h-01EFh \
  -AABS1=020h-07Fh,0A0h-0EFh,0110h-016Fh,0190h-01EFh -ASFR0=00h-01Fh \
  -ASFR1=080h-09Fh -ASFR2=0100h-010Fh -ASFR3=0180h-018Fh \
  -ACONFIG=02007h-02007h -DCONFIG=2 -AIDLOC=02000h-02003h -DIDLOC=2 \
  -AEEDATA=00h-0FFh/02100h -peeprom_data=EEDATA -DEEDATA=2 -DCODE=2 \
  -DSTRCODE=2 -DSTRING=2 -DCONST=2 -DENTRY=2 \
  -preset_vec=00h,intentry,sivt,init,end_init -ppowerup=CODE -pcinit=CODE \
  -pfunctab=ENTRY -k \
  C:\Users\pc1\AppData\Local\Temp\xcAsk38.\driver_tmp_17.o \
  dist/default/production\BMP180-SENSOR.X.production.o 

Object code version is 3.11

Machine type is 16F877A



                Name                               Link     Load   Length Selector   Space Scale
C:\Users\pc1\AppData\Local\Temp\xcAsk38.\driver_tmp_17.o
                end_init                              0        0        3        0       0
dist/default/production\BMP180-SENSOR.X.production.o
                cinit                               7D7      7D7       29      FAE       0
                text31                              9B0      9B0        D     1360       0
                text30                              998      998        C     1330       0
                text29                              97D      97D        9     12FA       0
                text28                              986      986        9     130C       0
                text27                              98F      98F        9     131E       0
                text26                              9CA      9CA       10     1394       0
                text25                              9A4      9A4        C     1348       0
                text24                              9ED      9ED       17     13DA       0
                text23                              BA1      BA1       4A     1742       0
                text22                              9BD      9BD        D     137A       0
                text21                              CBA      CBA       97     1974       0
                text20                              D51      D51       99     1AA2       0
                text19                              B5B      B5B       46     16B6       0
                text18                              F1E      F1E       E2     1E3C       0
                text17                              A9D      A9D       2F     153A       0
                text16                              A37      A37       1E     146E       0
                text15                              DEA      DEA       9A     1BD4       0
                text14                              A1B      A1B       1C     1436       0
                text13                              BEB      BEB       64     17D6       0
                text12                              1D3      1D3      604      3A6       0
                text11                              ACC      ACC       2F     1598       0
                text10                              B2A      B2A       31     1654       0
                text9                               AFB      AFB       2F     15F6       0
                text8                               A04      A04       17     1408       0
                text7                                 8        8       83       10       0
                text6                               9DA      9DA       13     13B4       0
                text5                                 5        5        1        A       0
                text4                               E84      E84       9A     1D08       0
                text3                                8B       8B      148      116       0
                text2                               A78      A78       25     14F0       0
                text1                               A55      A55       23     14AA       0
                maintext                            C4F      C4F       6B     189E       0
                cstackBANK0                          20       20       4C       20       1
                cstackCOMMON                         70       70        E       70       1
                cstackBANK1                          A0       A0       30       A0       1
                clrtext                             975      975        8     12EA       0
                bssBANK3                            190      190       30      190       1
                dataBANK1                            EE       EE        1       A0       1
                bssBANK1                             D0       D0       1E       A0       1
                dataBANK0                            6F       6F        1       20       1
                bssBANK0                             6C       6C        3       20       1
                strings                             800      800       14     1000       0
                idataBANK1                            6        6        1        C       0
                idataBANK0                            7        7        1        E       0

TOTAL           Name                               Link     Load   Length     Space
        CLASS   CODE           
                end_init                              0        0        3         0
                cinit                               7D7      7D7       29         0
                text31                              9B0      9B0        D         0
                text30                              998      998        C         0
                text29                              97D      97D        9         0
                text28                              986      986        9         0
                text27                              98F      98F        9         0
                text26                              9CA      9CA       10         0
                text25                              9A4      9A4        C         0
                text24                              9ED      9ED       17         0
                text23                              BA1      BA1       4A         0
                text22                              9BD      9BD        D         0
                text21                              CBA      CBA       97         0
                text20                              D51      D51       99         0
                text19                              B5B      B5B       46         0
                text18                              F1E      F1E       E2         0
                text17                              A9D      A9D       2F         0
                text16                              A37      A37       1E         0
                text15                              DEA      DEA       9A         0
                text14                              A1B      A1B       1C         0
                text13                              BEB      BEB       64         0
                text12                              1D3      1D3      604         0
                text11                              ACC      ACC       2F         0
                text10                              B2A      B2A       31         0
                text9                               AFB      AFB       2F         0
                text8                               A04      A04       17         0
                text7                                 8        8       83         0
                text6                               9DA      9DA       13         0
                text5                                 5        5        1         0
                text4                               E84      E84       9A         0
                text3                                8B       8B      148         0
                text2                               A78      A78       25         0
                text1                               A55      A55       23         0
                maintext                            C4F      C4F       6B         0
                clrtext                             975      975        8         0
                idataBANK1                            6        6        1         0
                idataBANK0                            7        7        1         0

        CLASS   STRCODE        

        CLASS   STRING         
                strings                             800      800       14         0

        CLASS   CONST          

        CLASS   ENTRY          

        CLASS   COMMON         
                cstackCOMMON                         70       70        E         1

        CLASS   BANK0          
                cstackBANK0                          20       20       4C         1
                dataBANK0                            6F       6F        1         1
                bssBANK0                             6C       6C        3         1

        CLASS   BANK1          
                cstackBANK1                          A0       A0       30         1
                dataBANK1                            EE       EE        1         1
                bssBANK1                             D0       D0       1E         1

        CLASS   BANK2          

        CLASS   BANK3          
                bssBANK3                            190      190       30         1

        CLASS   RAM            

        CLASS   ABS1           
                abs_s1                               7E       7E        2         1

        CLASS   SFR0           

        CLASS   SFR1           

        CLASS   SFR2           

        CLASS   SFR3           

        CLASS   CONFIG         

        CLASS   IDLOC          

        CLASS   EEDATA         

        CLASS   HEAP           

        CLASS   STACK          



SEGMENTS        Name                           Load    Length   Top    Selector   Space  Class     Delta

                reset_vec                      000000  000003  000003         0       0  CODE        2
                text5                          000005  000001  000006         A       0  CODE        2
                idataBANK1                     000006  000001  000007         C       0  CODE        2
                idataBANK0                     000007  000001  000008         E       0  CODE        2
                text7                          000008  000083  00008B        10       0  CODE        2
                cstackBANK0                    000020  000050  000070        20       1  BANK0       1
                cstackCOMMON                   000070  00000E  00007E        70       1  COMMON      1
                cstackBANK1                    0000A0  00004F  0000EF        A0       1  BANK1       1
                text3                          00008B  000148  0001D3       116       0  CODE        2
                bssBANK3                       000190  000030  0001C0       190       1  BANK3       1
                text12                         0001D3  000604  0007D7       3A6       0  CODE        2
                cinit                          0007D7  000029  000800       FAE       0  CODE        2
                strings                        000800  000014  000814      1000       0  STRING      2
                clrtext                        000975  000008  00097D      12EA       0  CODE        2
                text29                         00097D  000009  000986      12FA       0  CODE        2
                text28                         000986  000009  00098F      130C       0  CODE        2
                text27                         00098F  000009  000998      131E       0  CODE        2
                text30                         000998  00000C  0009A4      1330       0  CODE        2
                text25                         0009A4  00000C  0009B0      1348       0  CODE        2
                text31                         0009B0  00000D  0009BD      1360       0  CODE        2
                text22                         0009BD  00000D  0009CA      137A       0  CODE        2
                text26                         0009CA  000010  0009DA      1394       0  CODE        2
                text6                          0009DA  000013  0009ED      13B4       0  CODE        2
                text24                         0009ED  000017  000A04      13DA       0  CODE        2
                text8                          000A04  000017  000A1B      1408       0  CODE        2
                text14                         000A1B  00001C  000A37      1436       0  CODE        2
                text16                         000A37  00001E  000A55      146E       0  CODE        2
                text1                          000A55  000023  000A78      14AA       0  CODE        2
                text2                          000A78  000025  000A9D      14F0       0  CODE        2
                text17                         000A9D  00002F  000ACC      153A       0  CODE        2
                text11                         000ACC  00002F  000AFB      1598       0  CODE        2
                text9                          000AFB  00002F  000B2A      15F6       0  CODE        2
                text10                         000B2A  000031  000B5B      1654       0  CODE        2
                text19                         000B5B  000046  000BA1      16B6       0  CODE        2
                text23                         000BA1  00004A  000BEB      1742       0  CODE        2
                text13                         000BEB  000064  000C4F      17D6       0  CODE        2
                maintext                       000C4F  00006B  000CBA      189E       0  CODE        2
                text21                         000CBA  000097  000D51      1974       0  CODE        2
                text20                         000D51  000099  000DEA      1AA2       0  CODE        2
                text15                         000DEA  00009A  000E84      1BD4       0  CODE        2
                text4                          000E84  00009A  000F1E      1D08       0  CODE        2
                text18                         000F1E  0000E2  001000      1E3C       0  CODE        2


UNUSED ADDRESS RANGES

        Name                Unused          Largest block    Delta
        BANK1            00EF-00EF              1           1
        BANK2            0110-016F             60           1
        BANK3            01C0-01EF             30           1
        CODE             0003-0004              2           2
                         0814-0974            161
                         1000-1FFF            800
        CONFIG           2007-2007              1           2
        CONST            0003-0004              2           2
                         0814-0974             EC
                         1000-1FFF            100
        EEDATA           2100-21FF            100           2
        ENTRY            0003-0004              2           2
                         0814-0974             EC
                         1000-1FFF            100
        IDLOC            2000-2003              4           2
        RAM              00EF-00EF              1           1
                         0110-016F             60
                         01C0-01EF             30
        SFR0             0000-001F             20           1
        SFR1             0080-009F             20           1
        SFR2             0100-010F             10           1
        SFR3             0180-018F             10           1
        STRCODE          0003-0004              2           2
                         0814-0974            161
                         1000-1FFF           1000
        STRING           0003-0004              2           2
                         0814-0974             EC
                         1000-1FFF            100

                                  Symbol Table

?_BMP085_ComputeB5                 cstackBANK0  0026
?_BMP085_Read16                    cstackCOMMON 0071
?_BMP085_ReadPressure              cstackBANK0  003F
?_BMP085_ReadRawPressure           cstackCOMMON 0078
?_BMP085_ReadRawTemperature        cstackCOMMON 0078
?___aldiv                          cstackCOMMON 0070
?___almod                          cstackCOMMON 0070
?___lldiv                          cstackCOMMON 0070
?___lmul                           cstackCOMMON 0070
?_abs                              cstackCOMMON 007B
?_sprintf                          cstackBANK0  0037
?_vfprintf                         cstackBANK0  0033
BMP085_ComputeB5@UT                cstackBANK0  0026
BMP085_ComputeB5@X1                cstackBANK0  003B
BMP085_ComputeB5@X2                cstackBANK0  0037
BMP085_Init@mode                   cstackCOMMON 0078
BMP085_Read16@addr                 cstackCOMMON 0075
BMP085_Read16@data                 cstackCOMMON 0076
BMP085_Read8@addr                  cstackCOMMON 0071
BMP085_Read8@data                  cstackCOMMON 0072
BMP085_ReadPressure@B3             cstackBANK1  00A8
BMP085_ReadPressure@B4             cstackBANK1  00B0
BMP085_ReadPressure@B5             cstackBANK1  00AC
BMP085_ReadPressure@B6             cstackBANK1  00CC
BMP085_ReadPressure@B7             cstackBANK1  00BC
BMP085_ReadPressure@UP             cstackBANK1  00A4
BMP085_ReadPressure@UT             cstackBANK1  00A0
BMP085_ReadPressure@X1             cstackBANK1  00C4
BMP085_ReadPressure@X2             cstackBANK1  00C0
BMP085_ReadPressure@X3             cstackBANK1  00B4
BMP085_ReadPressure@p              cstackBANK1  00C8
BMP085_ReadRawPressure@raw         cstackBANK0  0024
BMP085_Write8@addr                 cstackCOMMON 0072
BMP085_Write8@data                 cstackCOMMON 0071
I2C_Master_Write@data              cstackCOMMON 0070
_ACKDT                             (abs)        048D
_ACKEN                             (abs)        048C
_ACKSTAT                           (abs)        048E
_BMP085_ComputeB5                  text18       0F1E
_BMP085_Init                       text21       0CBA
_BMP085_Read16                     text23       0BA1
_BMP085_Read8                      text17       0A9D
_BMP085_ReadPressure               text12       01D3
_BMP085_ReadPressure$1045          cstackBANK1  00B8
_BMP085_ReadRawPressure            text15       0DEA
_BMP085_ReadRawTemperature         text14       0A1B
_BMP085_Write8                     text16       0A37
_I2C_ACK                           text30       0998
_I2C_Master_Init                   text22       09BD
_I2C_Master_RepeatedStart          text29       097D
_I2C_Master_Start                  text28       0986
_I2C_Master_Stop                   text27       098F
_I2C_Master_Wait                   text31       09B0
_I2C_Master_Write                  text26       09CA
_I2C_NACK                          text25       09A4
_I2C_Read_Byte                     text24       09ED
_PEN                               (abs)        048A
_PORTCbits                         (abs)        0007
_PORTD                             (abs)        0008
_RCEN                              (abs)        048B
_RSEN                              (abs)        0489
_SEN                               (abs)        0488
_SSPADD                            (abs)        0093
_SSPBUF                            (abs)        0013
_SSPCON                            (abs)        0014
_SSPCON2                           (abs)        0091
_SSPIF                             (abs)        0063
_SSPSTAT                           (abs)        0094
_TRISC3                            (abs)        043B
_TRISC4                            (abs)        043C
_TRISCbits                         (abs)        0087
_TRISDbits                         (abs)        0088
__H__absolute__                    __absolute__ 0000
__Habs1                            abs1         0000
__Hbank0                           bank0        0000
__Hbank1                           bank1        0000
__Hbank2                           bank2        0000
__Hbank3                           bank3        0000
__HbssBANK0                        bssBANK0     0000
__HbssBANK1                        bssBANK1     0000
__HbssBANK3                        bssBANK3     0000
__Hcinit                           cinit        0800
__Hclrtext                         clrtext      0000
__Hcode                            code         0000
__Hcommon                          common       0000
__HcstackBANK0                     cstackBANK0  0000
__HcstackBANK1                     cstackBANK1  0000
__HcstackCOMMON                    cstackCOMMON 0000
__HdataBANK0                       dataBANK0    0000
__HdataBANK1                       dataBANK1    0000
__Heeprom_data                     eeprom_data  0000
__Hend_init                        end_init     0003
__Hfunctab                         functab      0000
__Hheap                            heap         0000
__HidataBANK0                      idataBANK0   0000
__HidataBANK1                      idataBANK1   0000
__Hinit                            init         0000
__Hintentry                        intentry     0000
__Hmaintext                        maintext     0000
__Hpowerup                         powerup      0000
__Hram                             ram          0000
__Hreset_vec                       reset_vec    0000
__Hsfr0                            sfr0         0000
__Hsfr1                            sfr1         0000
__Hsfr2                            sfr2         0000
__Hsfr3                            sfr3         0000
__Hsivt                            sivt         0000
__Hspace_0                         (abs)        1000
__Hspace_1                         (abs)        01C0
__Hspace_2                         (abs)        0000
__Hspace_3                         (abs)        0000
__Hstack                           stack        0000
__Hstrings                         strings      0000
__Htext                            text         0000
__L__absolute__                    __absolute__ 0000
__Labs1                            abs1         0000
__Lbank0                           bank0        0000
__Lbank1                           bank1        0000
__Lbank2                           bank2        0000
__Lbank3                           bank3        0000
__LbssBANK0                        bssBANK0     0000
__LbssBANK1                        bssBANK1     0000
__LbssBANK3                        bssBANK3     0000
__Lcinit                           cinit        07D7
__Lclrtext                         clrtext      0000
__Lcode                            code         0000
__Lcommon                          common       0000
__LcstackBANK0                     cstackBANK0  0000
__LcstackBANK1                     cstackBANK1  0000
__LcstackCOMMON                    cstackCOMMON 0000
__LdataBANK0                       dataBANK0    0000
__LdataBANK1                       dataBANK1    0000
__Leeprom_data                     eeprom_data  0000
__Lend_init                        end_init     0000
__Lfunctab                         functab      0000
__Lheap                            heap         0000
__LidataBANK0                      idataBANK0   0000
__LidataBANK1                      idataBANK1   0000
__Linit                            init         0000
__Lintentry                        intentry     0000
__Lmaintext                        maintext     0000
__Lpowerup                         powerup      0000
__Lram                             ram          0000
__Lreset_vec                       reset_vec    0000
__Lsfr0                            sfr0         0000
__Lsfr1                            sfr1         0000
__Lsfr2                            sfr2         0000
__Lsfr3                            sfr3         0000
__Lsivt                            sivt         0000
__Lspace_0                         (abs)        0000
__Lspace_1                         (abs)        0000
__Lspace_2                         (abs)        0000
__Lspace_3                         (abs)        0000
__Lstack                           stack        0000
__Lstrings                         strings      0000
__Ltext                            text         0000
__S0                               (abs)        1000
__S1                               (abs)        01C0
__S3                               (abs)        0000
___aldiv                           text20       0D51
___aldiv@counter                   cstackBANK0  0020
___aldiv@dividend                  cstackCOMMON 0074
___aldiv@divisor                   cstackCOMMON 0070
___aldiv@quotient                  cstackBANK0  0022
___aldiv@sign                      cstackBANK0  0021
___almod                           text7        0008
___almod@counter                   cstackCOMMON 0079
___almod@dividend                  cstackCOMMON 0074
___almod@divisor                   cstackCOMMON 0070
___almod@sign                      cstackCOMMON 007A
___heap_hi                         (abs)        0000
___heap_lo                         (abs)        0000
___int_sp                          stack        0000
___int_stack_hi                    stack        0000
___int_stack_lo                    stack        0000
___latbits                         (abs)        0002
___lldiv                           text13       0BEB
___lldiv@counter                   cstackCOMMON 007D
___lldiv@dividend                  cstackCOMMON 0074
___lldiv@divisor                   cstackCOMMON 0070
___lldiv@quotient                  cstackCOMMON 0079
___lmul                            text19       0B5B
___lmul@multiplicand               cstackCOMMON 0074
___lmul@multiplier                 cstackCOMMON 0070
___lmul@product                    cstackCOMMON 0079
___sp                              stack        0000
___stack_hi                        stack        0000
___stack_lo                        stack        0000
___stackhi                         (abs)        0000
___stacklo                         (abs)        0000
__end_of_BMP085_ComputeB5          text18       1000
__end_of_BMP085_Init               text21       0D51
__end_of_BMP085_Read16             text23       0BEB
__end_of_BMP085_Read8              text17       0ACC
__end_of_BMP085_ReadPressure       text12       07D7
__end_of_BMP085_ReadRawPressure    text15       0E84
__end_of_BMP085_ReadRawTemperature text14       0A37
__end_of_BMP085_Write8             text16       0A55
__end_of_I2C_ACK                   text30       09A4
__end_of_I2C_Master_Init           text22       09CA
__end_of_I2C_Master_RepeatedStart  text29       0986
__end_of_I2C_Master_Start          text28       098F
__end_of_I2C_Master_Stop           text27       0998
__end_of_I2C_Master_Wait           text31       09BD
__end_of_I2C_Master_Write          text26       09DA
__end_of_I2C_NACK                  text25       09B0
__end_of_I2C_Read_Byte             text24       0A04
__end_of___aldiv                   text20       0DEA
__end_of___almod                   text7        008B
__end_of___lldiv                   text13       0C4F
__end_of___lmul                    text19       0BA1
__end_of__initialization           cinit        07FC
__end_of__stringtab                strings      0806
__end_of_abs                       text6        09ED
__end_of_fputc                     text4        0F1E
__end_of_lcd_command               text11       0AFB
__end_of_lcd_data                  text9        0B2A
__end_of_lcd_initialize            text10       0B5B
__end_of_lcd_string                text8        0A1B
__end_of_main                      maintext     0CBA
__end_of_putch                     text5        0006
__end_of_sprintf                   text1        0A78
__end_of_vfpfcnvrt                 text3        01D3
__end_of_vfprintf                  text2        0A9D
__initialization                   cinit        07D7
__pbssBANK0                        bssBANK0     006C
__pbssBANK1                        bssBANK1     00D0
__pbssBANK3                        bssBANK3     0190
__pcstackBANK0                     cstackBANK0  0020
__pcstackBANK1                     cstackBANK1  00A0
__pcstackCOMMON                    cstackCOMMON 0070
__pdataBANK0                       dataBANK0    006F
__pdataBANK1                       dataBANK1    00EE
__pidataBANK0                      idataBANK0   0007
__pidataBANK1                      idataBANK1   0006
__pmaintext                        maintext     0C4F
__pstrings                         strings      0800
__ptext1                           text1        0A55
__ptext10                          text10       0B2A
__ptext11                          text11       0ACC
__ptext12                          text12       01D3
__ptext13                          text13       0BEB
__ptext14                          text14       0A1B
__ptext15                          text15       0DEA
__ptext16                          text16       0A37
__ptext17                          text17       0A9D
__ptext18                          text18       0F1E
__ptext19                          text19       0B5B
__ptext2                           text2        0A78
__ptext20                          text20       0D51
__ptext21                          text21       0CBA
__ptext22                          text22       09BD
__ptext23                          text23       0BA1
__ptext24                          text24       09ED
__ptext25                          text25       09A4
__ptext26                          text26       09CA
__ptext27                          text27       098F
__ptext28                          text28       0986
__ptext29                          text29       097D
__ptext3                           text3        008B
__ptext30                          text30       0998
__ptext31                          text31       09B0
__ptext4                           text4        0E84
__ptext5                           text5        0005
__ptext6                           text6        09DA
__ptext7                           text7        0008
__ptext8                           text8        0A04
__ptext9                           text9        0AFB
__stringbase                       strings      0805
__stringtab                        strings      0800
_abs                               text6        09DA
_ac1                               bssBANK0     006C
_ac2                               bssBANK1     00EC
_ac3                               bssBANK1     00EA
_ac4                               bssBANK1     00DE
_ac5                               bssBANK1     00DC
_ac6                               bssBANK1     00DA
_b1                                bssBANK1     00E8
_b2                                bssBANK1     00E6
_dbuf                              bssBANK3     0190
_flags                             bssBANK0     006E
_fputc                             text4        0E84
_lcd_command                       text11       0ACC
_lcd_data                          text9        0AFB
_lcd_initialize                    text10       0B2A
_lcd_string                        text8        0A04
_main                              maintext     0C4F
_main$1046                         cstackBANK0  0068
_mb                                bssBANK1     00E4
_mc                                bssBANK1     00E2
_md                                bssBANK1     00E0
_oversampling                      dataBANK1    00EE
_prec                              bssBANK3     01B2
_putch                             text5        0005
_sprintf                           text1        0A55
_vfpfcnvrt                         text3        008B
_vfprintf                          text2        0A78
_width                             bssBANK3     01B0
abs@a                              cstackCOMMON 007B
btemp                              (abs)        007E
clear_ram0                         clrtext      0975
end_of_initialization              cinit        07FC
fputc@c                            cstackCOMMON 0070
fputc@fp                           cstackCOMMON 0072
intlevel0                          functab      0000
intlevel1                          functab      0000
intlevel2                          functab      0000
intlevel3                          functab      0000
intlevel4                          functab      0000
intlevel5                          functab      0000
lcd_command@cmd                    cstackCOMMON 0072
lcd_data@data                      cstackCOMMON 0072
lcd_string@i                       cstackCOMMON 0076
lcd_string@len                     cstackCOMMON 0074
lcd_string@str                     cstackCOMMON 0073
main@buffer                        cstackBANK0  0054
main@pressure                      cstackBANK0  0064
reset_vec                          reset_vec    0000
sprintf@ap                         cstackBANK0  003E
sprintf@f                          cstackBANK0  003F
sprintf@fmt                        cstackBANK0  0038
sprintf@s                          cstackBANK0  0037
start                              init         0000
start_initialization               cinit        07D7
vfpfcnvrt@ap                       cstackBANK0  0029
vfpfcnvrt@c                        cstackBANK0  0032
vfpfcnvrt@convarg                  cstackBANK0  002D
vfpfcnvrt@cp                       cstackBANK0  0031
vfpfcnvrt@done                     cstackBANK0  002C
vfpfcnvrt@fmt                      cstackBANK0  0028
vfpfcnvrt@fp                       cstackBANK0  0026
vfprintf@ap                        cstackBANK0  0036
vfprintf@cfmt                      cstackCOMMON 007D
vfprintf@fmt                       cstackBANK0  0035
vfprintf@fp                        cstackBANK0  0033
wtemp0                             (abs)        007E


MODULE INFORMATION

Module		Function		Class		Link	Load	Size
i2c.c
		_I2C_Master_Wait		CODE           	09B0	0000	13
		_I2C_Master_Init		CODE           	09BD	0000	13
		_I2C_Master_Stop		CODE           	098F	0000	9
		_I2C_Master_RepeatedStart		CODE           	097D	0000	9
		_I2C_Read_Byte 		CODE           	09ED	0000	23
		_I2C_ACK       		CODE           	0998	0000	12
		_I2C_Master_Write		CODE           	09CA	0000	16
		_I2C_NACK      		CODE           	09A4	0000	12
		_I2C_Master_Start		CODE           	0986	0000	9

i2c.c estimated size: 116

C:\Program Files\Microchip\xc8\v2.50\pic\sources\c99\common\putch.c
		_putch         		CODE           	0005	0000	1

C:\Program Files\Microchip\xc8\v2.50\pic\sources\c99\common\putch.c estimated size: 1

C:\Program Files\Microchip\xc8\v2.50\pic\sources\c99\common\Umul32.c
		___lmul        		CODE           	0B5B	0000	70

C:\Program Files\Microchip\xc8\v2.50\pic\sources\c99\common\Umul32.c estimated size: 70

C:\Program Files\Microchip\xc8\v2.50\pic\sources\c99\common\abs.c
		_abs           		CODE           	09DA	0000	19

C:\Program Files\Microchip\xc8\v2.50\pic\sources\c99\common\abs.c estimated size: 19

C:\Program Files\Microchip\xc8\v2.50\pic\sources\c99\common\almod.c
		___almod       		CODE           	0008	0000	131

C:\Program Files\Microchip\xc8\v2.50\pic\sources\c99\common\almod.c estimated size: 131

C:\Program Files\Microchip\xc8\v2.50\pic\sources\c99\common\__lldiv.c
		___lldiv       		CODE           	0BEB	0000	100

C:\Program Files\Microchip\xc8\v2.50\pic\sources\c99\common\__lldiv.c estimated size: 100

BMP085.c
		_BMP085_ReadRawTemperature		CODE           	0A1B	0000	28
		_BMP085_ReadRawPressure		CODE           	0DEA	0000	154
		_BMP085_Init   		CODE           	0CBA	0000	151
		_BMP085_Read8  		CODE           	0A9D	0000	47
		_BMP085_Read16 		CODE           	0BA1	0000	74
		_BMP085_Write8 		CODE           	0A37	0000	30
		_BMP085_ReadPressure		CODE           	01D3	0000	1540
		_BMP085_ComputeB5		CODE           	0F1E	0000	226

BMP085.c estimated size: 2250

C:\Program Files\Microchip\xc8\v2.50\pic\sources\c99\common\nf_sprintf.c
		_sprintf       		CODE           	0A55	0000	35

C:\Program Files\Microchip\xc8\v2.50\pic\sources\c99\common\nf_sprintf.c estimated size: 35

C:\Program Files\Microchip\xc8\v2.50\pic\sources\c99\common\nf_fputc.c
		_fputc         		CODE           	0E84	0000	154

C:\Program Files\Microchip\xc8\v2.50\pic\sources\c99\common\nf_fputc.c estimated size: 154

shared
		__stringtab    		STRING         	0800	0000	6
		__initialization		CODE           	07D7	0000	37

shared estimated size: 43

C:\Program Files\Microchip\xc8\v2.50\pic\sources\c99\common\doprnt.c
		_vfpfcnvrt     		CODE           	008B	0000	328
		_vfprintf      		CODE           	0A78	0000	37

C:\Program Files\Microchip\xc8\v2.50\pic\sources\c99\common\doprnt.c estimated size: 365

lcd.c
		_lcd_command   		CODE           	0ACC	0000	47
		_lcd_data      		CODE           	0AFB	0000	47
		_lcd_initialize		CODE           	0B2A	0000	49
		_lcd_string    		CODE           	0A04	0000	23

lcd.c estimated size: 166

C:\Program Files\Microchip\xc8\v2.50\pic\sources\c99\common\aldiv.c
		___aldiv       		CODE           	0D51	0000	153

C:\Program Files\Microchip\xc8\v2.50\pic\sources\c99\common\aldiv.c estimated size: 153

main.c
		_main          		CODE           	0C4F	0000	107

main.c estimated size: 107

