Microchip MPLAB XC8 Compiler V2.50

Linker command line:

-W-3 \
  --edf=C:\Program Files\Microchip\xc8\v2.50\pic\dat\20240725155939_en.msgs \
  -cn -h+dist/default/production\INA219_Current_Sensor_.X.production.sym \
  --cmf=dist/default/production\INA219_Current_Sensor_.X.production.cmf -z \
  -Q16F877A -oC:\Users\pc1\AppData\Local\Temp\xcCs2f0.2\driver_tmp_3.o \
  --defsym=__MPLAB_BUILD=1 --fixupoverflow=error \
  -Mdist/default/production/INA219_Current_Sensor_.X.production.map \
  --md=C:\Users\pc1\AppData\Local\Temp\xcCs2f0.2\driver_tmp_0.dat -E1 \
  -ver=XC8 Compiler --acfsm=1493 -ACODE=00h-07FFhx4 -ASTRCODE=00h-01FFFh \
  -ASTRING=00h-0FFhx32 -ACONST=00h-0FFhx32 -AENTRY=00h-0FFhx32 \
  -ACOMMON=070h-07Fh -ABANK0=020h-06Fh -ABANK1=0A0h-0EFh \
  -ABANK2=0110h-016Fh -ABANK3=0190h-01EFh \
  -ARAM=020h-06Fh,0A0h-0EFh,0110h-016Fh,0190h-01EFh \
  -AABS1=020h-07Fh,0A0h-0EFh,0110h-016Fh,0190h-01EFh -ASFR0=00h-01Fh \
  -ASFR1=080h-09Fh -ASFR2=0100h-010Fh -ASFR3=0180h-018Fh \
  -ACONFIG=02007h-02007h -DCONFIG=2 -AIDLOC=02000h-02003h -DIDLOC=2 \
  -AEEDATA=00h-0FFh/02100h -peeprom_data=EEDATA -DEEDATA=2 -DCODE=2 \
  -DSTRCODE=2 -DSTRING=2 -DCONST=2 -DENTRY=2 \
  -preset_vec=00h,intentry,sivt,init,end_init -ppowerup=CODE -pcinit=CODE \
  -pfunctab=ENTRY -k \
  C:\Users\pc1\AppData\Local\Temp\xcCs2f0.2\driver_tmp_17.o \
  dist/default/production\INA219_Current_Sensor_.X.production.o 

Object code version is 3.11

Machine type is 16F877A



                Name                               Link     Load   Length Selector   Space Scale
C:\Users\pc1\AppData\Local\Temp\xcCs2f0.2\driver_tmp_17.o
                end_init                              0        0        3        0       0
dist/default/production\INA219_Current_Sensor_.X.production.o
                cinit                               7E1      7E1       1F      FC2       0
                text6_split_1                        12       12      7CF       24       0
                text43                             1A48     1A48        D     3490       0
                text42                             1A30     1A30        C     3460       0
                text41                             1A11     1A11        9     3422       0
                text40                              801      801        9     1002       0
                text39                             1A55     1A55       10     34AA       0
                text38                             1A3C     1A3C        C     3478       0
                text37                             1A9C     1A9C       17     3538       0
                text36                             1B81     1B81       27     3702       0
                text35                              CBE      CBE      342     197C       0
                text34                             1276     1276       B4     24EC       0
                text33                             1DAB     1DAB       8A     3B56       0
                text32                             1636     1636      1CA     2C6C       0
                text31                             11C3     11C3       B3     2386       0
                text30                             1112     1112       B1     2224       0
                text29                             1D2E     1D2E       7D     3A5C       0
                text28                                5        5        D        A       0
                text27                              80A      80A       61     1014       0
                text26                             1A1A     1A1A        B     3434       0
                text25                             1A75     1A75       12     34EA       0
                text24                             1A03     1A03        6     3406       0
                text23                             1A65     1A65       10     34CA       0
                text22                             1B5B     1B5B       26     36B6       0
                text21                             1C19     1C19       4E     3832       0
                text20                             1F5C     1F5C       A4     3EB8       0
                text19                             1A25     1A25        B     344A       0
                text18                              A6E      A6E      250     14DC       0
                text17                             1AED     1AED       24     35DA       0
                text16                             1CBA     1CBA       74     3974       0
                text15                             1E35     1E35       8D     3C6A       0
                text14                             1527     1527      10F     2A4E       0
                text13                             1A87     1A87       15     350E       0
                text12                             1ACC     1ACC       21     3598       0
                text11                                4        4        1        8       0
                text10                             1EC2     1EC2       9A     3D84       0
                text9                              10E7     10E7       2B     21CE       0
                text8                              1BDB     1BDB       3E     37B6       0
                text7                              1AB3     1AB3       19     3566       0
                text6                              141C     141C      10B     2838       0
                text5                              1B11     1B11       25     3622       0
                text4                              1C67     1C67       53     38CE       0
                text3                              132A     132A       F2     2654       0
                text2                              1BA8     1BA8       33     3750       0
                text1                              1B36     1B36       25     366C       0
                maintext                            86B      86B      203     10D6       0
                cstackBANK0                          20       20       4F       20       1
                cstackCOMMON                         70       70        E       70       1
                cstackBANK1                          A0       A0       45       A0       1
                cstackBANK3                         190      190       54      190       1
                clrtext                            1A09     1A09        8     3412       0
                bssBANK2                            110      110       50      110       1
                bssBANK3                            1EC      1EC        4      190       1
                bssBANK1                             E5       E5        8       A0       1
                bssBANK0                             6F       6F        1       20       1
                strings                            1000     1000       E4     2000       0
                nvBANK3                             1E4      1E4        8      190       1
                nvBANK1                              ED       ED        2       A0       1

TOTAL           Name                               Link     Load   Length     Space
        CLASS   CODE           
                end_init                              0        0        3         0
                cinit                               7E1      7E1       1F         0
                text6_split_1                        12       12      7CF         0
                text43                             1A48     1A48        D         0
                text42                             1A30     1A30        C         0
                text41                             1A11     1A11        9         0
                text40                              801      801        9         0
                text39                             1A55     1A55       10         0
                text38                             1A3C     1A3C        C         0
                text37                             1A9C     1A9C       17         0
                text36                             1B81     1B81       27         0
                text35                              CBE      CBE      342         0
                text34                             1276     1276       B4         0
                text33                             1DAB     1DAB       8A         0
                text32                             1636     1636      1CA         0
                text31                             11C3     11C3       B3         0
                text30                             1112     1112       B1         0
                text29                             1D2E     1D2E       7D         0
                text28                                5        5        D         0
                text27                              80A      80A       61         0
                text26                             1A1A     1A1A        B         0
                text25                             1A75     1A75       12         0
                text24                             1A03     1A03        6         0
                text23                             1A65     1A65       10         0
                text22                             1B5B     1B5B       26         0
                text21                             1C19     1C19       4E         0
                text20                             1F5C     1F5C       A4         0
                text19                             1A25     1A25        B         0
                text18                              A6E      A6E      250         0
                text17                             1AED     1AED       24         0
                text16                             1CBA     1CBA       74         0
                text15                             1E35     1E35       8D         0
                text14                             1527     1527      10F         0
                text13                             1A87     1A87       15         0
                text12                             1ACC     1ACC       21         0
                text11                                4        4        1         0
                text10                             1EC2     1EC2       9A         0
                text9                              10E7     10E7       2B         0
                text8                              1BDB     1BDB       3E         0
                text7                              1AB3     1AB3       19         0
                text6                              141C     141C      10B         0
                text5                              1B11     1B11       25         0
                text4                              1C67     1C67       53         0
                text3                              132A     132A       F2         0
                text2                              1BA8     1BA8       33         0
                text1                              1B36     1B36       25         0
                maintext                            86B      86B      203         0
                clrtext                            1A09     1A09        8         0

        CLASS   STRCODE        

        CLASS   STRING         
                strings                            1000     1000       E4         0

        CLASS   CONST          

        CLASS   ENTRY          

        CLASS   COMMON         
                cstackCOMMON                         70       70        E         1

        CLASS   BANK0          
                cstackBANK0                          20       20       4F         1
                bssBANK0                             6F       6F        1         1

        CLASS   BANK1          
                cstackBANK1                          A0       A0       45         1
                bssBANK1                             E5       E5        8         1
                nvBANK1                              ED       ED        2         1

        CLASS   BANK2          
                bssBANK2                            110      110       50         1

        CLASS   BANK3          
                cstackBANK3                         190      190       54         1
                bssBANK3                            1EC      1EC        4         1
                nvBANK3                             1E4      1E4        8         1

        CLASS   RAM            

        CLASS   ABS1           
                abs_s1                               7E       7E        2         1

        CLASS   SFR0           

        CLASS   SFR1           

        CLASS   SFR2           

        CLASS   SFR3           

        CLASS   CONFIG         

        CLASS   IDLOC          

        CLASS   EEDATA         

        CLASS   HEAP           

        CLASS   STACK          



SEGMENTS        Name                           Load    Length   Top    Selector   Space  Class     Delta

                reset_vec                      000000  000003  000003         0       0  CODE        2
                text11                         000004  000001  000005         8       0  CODE        2
                text28                         000005  00000D  000012         A       0  CODE        2
                cstackBANK0                    000020  000050  000070        20       1  BANK0       1
                text6_split_1                  000012  0007CF  0007E1        24       0  CODE        2
                cstackCOMMON                   000070  00000E  00007E        70       1  COMMON      1
                cstackBANK1                    0000A0  00004F  0000EF        A0       1  BANK1       1
                bssBANK2                       000110  000050  000160       110       1  BANK2       1
                cstackBANK3                    000190  000060  0001F0       190       1  BANK3       1
                cinit                          0007E1  00001F  000800       FC2       0  CODE        2
                text40                         000801  000009  00080A      1002       0  CODE        2
                text27                         00080A  000061  00086B      1014       0  CODE        2
                maintext                       00086B  000203  000A6E      10D6       0  CODE        2
                text18                         000A6E  000250  000CBE      14DC       0  CODE        2
                text35                         000CBE  000342  001000      197C       0  CODE        2
                strings                        001000  0000E4  0010E4      2000       0  STRING      2
                text9                          0010E7  00002B  001112      21CE       0  CODE        2
                text30                         001112  0000B1  0011C3      2224       0  CODE        2
                text31                         0011C3  0000B3  001276      2386       0  CODE        2
                text34                         001276  0000B4  00132A      24EC       0  CODE        2
                text3                          00132A  0000F2  00141C      2654       0  CODE        2
                text6                          00141C  00010B  001527      2838       0  CODE        2
                text14                         001527  00010F  001636      2A4E       0  CODE        2
                text32                         001636  0001CA  001800      2C6C       0  CODE        2
                text24                         001A03  000006  001A09      3406       0  CODE        2
                clrtext                        001A09  000008  001A11      3412       0  CODE        2
                text41                         001A11  000009  001A1A      3422       0  CODE        2
                text26                         001A1A  00000B  001A25      3434       0  CODE        2
                text19                         001A25  00000B  001A30      344A       0  CODE        2
                text42                         001A30  00000C  001A3C      3460       0  CODE        2
                text38                         001A3C  00000C  001A48      3478       0  CODE        2
                text43                         001A48  00000D  001A55      3490       0  CODE        2
                text39                         001A55  000010  001A65      34AA       0  CODE        2
                text23                         001A65  000010  001A75      34CA       0  CODE        2
                text25                         001A75  000012  001A87      34EA       0  CODE        2
                text13                         001A87  000015  001A9C      350E       0  CODE        2
                text37                         001A9C  000017  001AB3      3538       0  CODE        2
                text7                          001AB3  000019  001ACC      3566       0  CODE        2
                text12                         001ACC  000021  001AED      3598       0  CODE        2
                text17                         001AED  000024  001B11      35DA       0  CODE        2
                text5                          001B11  000025  001B36      3622       0  CODE        2
                text1                          001B36  000025  001B5B      366C       0  CODE        2
                text22                         001B5B  000026  001B81      36B6       0  CODE        2
                text36                         001B81  000027  001BA8      3702       0  CODE        2
                text2                          001BA8  000033  001BDB      3750       0  CODE        2
                text8                          001BDB  00003E  001C19      37B6       0  CODE        2
                text21                         001C19  00004E  001C67      3832       0  CODE        2
                text4                          001C67  000053  001CBA      38CE       0  CODE        2
                text16                         001CBA  000074  001D2E      3974       0  CODE        2
                text29                         001D2E  00007D  001DAB      3A5C       0  CODE        2
                text33                         001DAB  00008A  001E35      3B56       0  CODE        2
                text15                         001E35  00008D  001EC2      3C6A       0  CODE        2
                text10                         001EC2  00009A  001F5C      3D84       0  CODE        2
                text20                         001F5C  0000A4  002000      3EB8       0  CODE        2


UNUSED ADDRESS RANGES

        Name                Unused          Largest block    Delta
        BANK1            0000EF-0000EF                1           1
        BANK2            000160-00016F               10           1
        CODE             000003-000003                1           2
                         000800-000800                1
                         0010E4-0010E6                3
                         001800-001A02              203
        CONFIG           002007-002007                1           2
        CONST            000003-000003                1           2
                         000800-000800                1
                         0010E4-0010E6                3
                         001800-001A02              100
        EEDATA           002100-0021FF              100           2
        ENTRY            000003-000003                1           2
                         000800-000800                1
                         0010E4-0010E6                3
                         001800-001A02              100
        IDLOC            002000-002003                4           2
        RAM              0000EF-0000EF                1           1
                         000160-00016F               10
        SFR0             000000-00001F               20           1
        SFR1             000080-00009F               20           1
        SFR2             000100-00010F               10           1
        SFR3             000180-00018F               10           1
        STRCODE          000003-000003                1           2
                         000800-000800                1
                         0010E4-0010E6                3
                         001800-001A02              203
        STRING           000003-000003                1           2
                         000800-000800                1
                         0010E4-0010E6                3
                         001800-001A02              100

                                  Symbol Table

?_INA219_GetBusVoltage_V                  cstackBANK0  00003A
?_INA219_GetCurrent_mA                    cstackBANK0  00003A
?_INA219_GetPower_mW                      cstackBANK0  00003A
?_INA219_GetShuntVoltage_mV               cstackBANK0  00003A
?__Umul8_16                               cstackCOMMON 000070
?___fladd                                 cstackBANK0  00003A
?___fldiv                                 cstackBANK0  000020
?___flmul                                 cstackBANK0  000020
?___flneg                                 cstackCOMMON 000070
?___flsub                                 cstackBANK0  00004E
?___fltol                                 cstackCOMMON 000070
?___fpclassifyf                           cstackCOMMON 000070
?___wmul                                  cstackCOMMON 000070
?___xxtofl                                cstackCOMMON 000070
?_floorf                                  cstackBANK0  00003A
?_labs                                    cstackCOMMON 000070
?_read_prec_or_width                      cstackCOMMON 000076
?_sprintf                                 cstackBANK1  0000D0
?_vfprintf                                cstackBANK1  0000CC
I2C_Master_Write@data                     cstackCOMMON 000070
INA219_GetBusVoltage_V@rawBusVoltage      cstackBANK0  000040
INA219_GetCurrent_mA@rawCurrent           cstackBANK0  000040
INA219_GetPower_mW@rawPower               cstackBANK0  000040
INA219_GetShuntVoltage_mV@rawShuntVoltage cstackBANK0  000040
UART_Write@data                           cstackCOMMON 000070
UART_Write_Text@text                      cstackCOMMON 000071
_ACKDT                                    (abs)        00048D
_ACKEN                                    (abs)        00048C
_ACKSTAT                                  (abs)        00048E
_BRGH                                     (abs)        0004C2
_CREN                                     (abs)        0000C4
_I2C_ACK                                  text42       001A30
_I2C_Master_Init                          text28       000005
_I2C_Master_Start                         text41       001A11
_I2C_Master_Stop                          text40       000801
_I2C_Master_Wait                          text43       001A48
_I2C_Master_Write                         text39       001A55
_I2C_NACK                                 text38       001A3C
_I2C_Read_Byte                            text37       001A9C
_INA219_GetBusVoltage_V                   text33       001DAB
_INA219_GetCurrent_mA                     text31       0011C3
_INA219_GetPower_mW                       text30       001112
_INA219_GetShuntVoltage_mV                text29       001D2E
_INA219_Init                              text26       001A1A
_INA219_SetCalibration_32V_2A             text27       00080A
_PEN                                      (abs)        00048A
_RCEN                                     (abs)        00048B
_RCIF                                     (abs)        000065
_RCREG                                    (abs)        00001A
_RSEN                                     (abs)        000489
_SEN                                      (abs)        000488
_SPBRG                                    (abs)        000099
_SPEN                                     (abs)        0000C7
_SSPADD                                   (abs)        000093
_SSPBUF                                   (abs)        000013
_SSPCON                                   (abs)        000014
_SSPCON2                                  (abs)        000091
_SSPIF                                    (abs)        000063
_SSPSTAT                                  (abs)        000094
_SYNC                                     (abs)        0004C4
_TRISC3                                   (abs)        00043B
_TRISC4                                   (abs)        00043C
_TRISC6                                   (abs)        00043E
_TRISC7                                   (abs)        00043F
_TRMT                                     (abs)        0004C1
_TXEN                                     (abs)        0004C5
_TXREG                                    (abs)        000019
_UART_TX_Empty                            text24       001A03
_UART_TX_Init                             text25       001A75
_UART_Write                               text23       001A65
_UART_Write_Text                          text22       001B5B
__H__absolute__                           __absolute__ 000000
__Habs1                                   abs1         000000
__Hbank0                                  bank0        000000
__Hbank1                                  bank1        000000
__Hbank2                                  bank2        000000
__Hbank3                                  bank3        000000
__HbssBANK0                               bssBANK0     000000
__HbssBANK1                               bssBANK1     000000
__HbssBANK2                               bssBANK2     000000
__HbssBANK3                               bssBANK3     000000
__Hcinit                                  cinit        000800
__Hclrtext                                clrtext      000000
__Hcode                                   code         000000
__Hcommon                                 common       000000
__HcstackBANK0                            cstackBANK0  000000
__HcstackBANK1                            cstackBANK1  000000
__HcstackBANK3                            cstackBANK3  000000
__HcstackCOMMON                           cstackCOMMON 000000
__Heeprom_data                            eeprom_data  000000
__Hend_init                               end_init     000003
__Hfunctab                                functab      000000
__Hheap                                   heap         000000
__Hinit                                   init         000000
__Hintentry                               intentry     000000
__Hmaintext                               maintext     000000
__HnvBANK1                                nvBANK1      000000
__HnvBANK3                                nvBANK3      000000
__Hpowerup                                powerup      000000
__Hram                                    ram          000000
__Hreset_vec                              reset_vec    000000
__Hsfr0                                   sfr0         000000
__Hsfr1                                   sfr1         000000
__Hsfr2                                   sfr2         000000
__Hsfr3                                   sfr3         000000
__Hsivt                                   sivt         000000
__Hspace_0                                (abs)        002000
__Hspace_1                                (abs)        0001F0
__Hspace_2                                (abs)        000000
__Hspace_3                                (abs)        000000
__Hstack                                  stack        000000
__Hstrings                                strings      000000
__Htext                                   text         000000
__L__absolute__                           __absolute__ 000000
__Labs1                                   abs1         000000
__Lbank0                                  bank0        000000
__Lbank1                                  bank1        000000
__Lbank2                                  bank2        000000
__Lbank3                                  bank3        000000
__LbssBANK0                               bssBANK0     000000
__LbssBANK1                               bssBANK1     000000
__LbssBANK2                               bssBANK2     000000
__LbssBANK3                               bssBANK3     000000
__Lcinit                                  cinit        0007E1
__Lclrtext                                clrtext      000000
__Lcode                                   code         000000
__Lcommon                                 common       000000
__LcstackBANK0                            cstackBANK0  000000
__LcstackBANK1                            cstackBANK1  000000
__LcstackBANK3                            cstackBANK3  000000
__LcstackCOMMON                           cstackCOMMON 000000
__Leeprom_data                            eeprom_data  000000
__Lend_init                               end_init     000000
__Lfunctab                                functab      000000
__Lheap                                   heap         000000
__Linit                                   init         000000
__Lintentry                               intentry     000000
__Lmaintext                               maintext     000000
__LnvBANK1                                nvBANK1      000000
__LnvBANK3                                nvBANK3      000000
__Lpowerup                                powerup      000000
__Lram                                    ram          000000
__Lreset_vec                              reset_vec    000000
__Lsfr0                                   sfr0         000000
__Lsfr1                                   sfr1         000000
__Lsfr2                                   sfr2         000000
__Lsfr3                                   sfr3         000000
__Lsivt                                   sivt         000000
__Lspace_0                                (abs)        000000
__Lspace_1                                (abs)        000000
__Lspace_2                                (abs)        000000
__Lspace_3                                (abs)        000000
__Lstack                                  stack        000000
__Lstrings                                strings      000000
__Ltext                                   text         000000
__S0                                      (abs)        002000
__S1                                      (abs)        0001F0
__S3                                      (abs)        000000
__Umul8_16                                text36       001B81
__Umul8_16@multiplicand                   cstackCOMMON 000070
__Umul8_16@multiplier                     cstackCOMMON 000078
__Umul8_16@product                        cstackCOMMON 000074
__Umul8_16@word_mpld                      cstackCOMMON 000076
___fladd                                  text18       000A6E
___fladd@a                                cstackBANK0  00003E
___fladd@aexp                             cstackBANK0  00004B
___fladd@b                                cstackBANK0  00003A
___fladd@bexp                             cstackBANK0  00004C
___fladd@grs                              cstackBANK0  00004D
___fladd@signs                            cstackBANK0  00004A
___fldiv                                  text32       001636
___fldiv@a                                cstackBANK0  000020
___fldiv@aexp                             cstackBANK0  000039
___fldiv@b                                cstackBANK0  000024
___fldiv@bexp                             cstackBANK0  000038
___fldiv@grs                              cstackBANK0  000034
___fldiv@new_exp                          cstackBANK0  000032
___fldiv@rem                              cstackBANK0  00002D
___fldiv@sign                             cstackBANK0  000031
___fleq                                   text21       001C19
___fleq@ff1                               cstackCOMMON 000070
___fleq@ff2                               cstackCOMMON 000074
___flge                                   text20       001F5C
___flge@ff1                               cstackBANK0  00003A
___flge@ff2                               cstackBANK0  00003E
___flmul                                  text35       000CBE
___flmul@a                                cstackBANK0  000024
___flmul@aexp                             cstackBANK0  000032
___flmul@b                                cstackBANK0  000020
___flmul@bexp                             cstackBANK0  000033
___flmul@grs                              cstackBANK0  00002E
___flmul@prod                             cstackBANK0  000034
___flmul@sign                             cstackBANK0  00002D
___flmul@temp                             cstackBANK0  000038
___flneg                                  text19       001A25
___flneg@f1                               cstackCOMMON 000070
___flsub                                  text17       001AED
___flsub@a                                cstackBANK0  00004E
___flsub@b                                cstackBANK0  000052
___fltol                                  text16       001CBA
___fltol@exp1                             cstackCOMMON 000079
___fltol@f1                               cstackCOMMON 000070
___fltol@sign1                            cstackCOMMON 000078
___fpclassifyf                            text15       001E35
___fpclassifyf@F465                       bssBANK1     0000E5
___fpclassifyf@e                          cstackBANK0  000020
___fpclassifyf@u                          cstackBANK0  000022
___fpclassifyf@x                          cstackCOMMON 000070
___heap_hi                                (abs)        000000
___heap_lo                                (abs)        000000
___int_sp                                 stack        000000
___int_stack_hi                           stack        000000
___int_stack_lo                           stack        000000
___latbits                                (abs)        000002
___sp                                     stack        000000
___stack_hi                               stack        000000
___stack_lo                               stack        000000
___stackhi                                (abs)        000000
___stacklo                                (abs)        000000
___wmul                                   text5        001B11
___wmul@multiplicand                      cstackCOMMON 000072
___wmul@multiplier                        cstackCOMMON 000070
___wmul@product                           cstackCOMMON 000074
___xxtofl                                 text34       001276
___xxtofl@arg                             cstackCOMMON 00007A
___xxtofl@exp                             cstackCOMMON 000079
___xxtofl@sign                            cstackCOMMON 000078
___xxtofl@val                             cstackCOMMON 000070
__end_of_I2C_ACK                          text42       001A3C
__end_of_I2C_Master_Init                  text28       000012
__end_of_I2C_Master_Start                 text41       001A1A
__end_of_I2C_Master_Stop                  text40       00080A
__end_of_I2C_Master_Wait                  text43       001A55
__end_of_I2C_Master_Write                 text39       001A65
__end_of_I2C_NACK                         text38       001A48
__end_of_I2C_Read_Byte                    text37       001AB3
__end_of_INA219_GetBusVoltage_V           text33       001E35
__end_of_INA219_GetCurrent_mA             text31       001276
__end_of_INA219_GetPower_mW               text30       0011C3
__end_of_INA219_GetShuntVoltage_mV        text29       001DAB
__end_of_INA219_Init                      text26       001A25
__end_of_INA219_SetCalibration_32V_2A     text27       00086B
__end_of_UART_TX_Empty                    text24       001A09
__end_of_UART_TX_Init                     text25       001A87
__end_of_UART_Write                       text23       001A75
__end_of_UART_Write_Text                  text22       001B81
__end_of__Umul8_16                        text36       001BA8
__end_of___fladd                          text18       000CBE
__end_of___fldiv                          text32       001800
__end_of___fleq                           text21       001C67
__end_of___flge                           text20       002000
__end_of___flmul                          text35       001000
__end_of___flneg                          text19       001A30
__end_of___flsub                          text17       001B11
__end_of___fltol                          text16       001D2E
__end_of___fpclassifyf                    text15       001EC2
__end_of___wmul                           text5        001B36
__end_of___xxtofl                         text34       00132A
__end_of__initialization                  cinit        0007FC
__end_of__stringtab                       strings      001010
__end_of_efgtoa                           text6_split_1 0007E1
__end_of_floorf                           text14       001636
__end_of_fputc                            text10       001F5C
__end_of_fputs                            text9        001112
__end_of_labs                             text13       001A9C
__end_of_main                             maintext     000A6E
__end_of_memcpy                           text12       001AED
__end_of_pad                              text8        001C19
__end_of_putch                            text11       000005
__end_of_read_prec_or_width               text4        001CBA
__end_of_sprintf                          text1        001B5B
__end_of_strcpy                           text7        001ACC
__end_of_vfpfcnvrt                        text3        00141C
__end_of_vfprintf                         text2        001BDB
__initialization                          cinit        0007E1
__pbssBANK0                               bssBANK0     00006F
__pbssBANK1                               bssBANK1     0000E5
__pbssBANK2                               bssBANK2     000110
__pbssBANK3                               bssBANK3     0001EC
__pcstackBANK0                            cstackBANK0  000020
__pcstackBANK1                            cstackBANK1  0000A0
__pcstackBANK3                            cstackBANK3  000190
__pcstackCOMMON                           cstackCOMMON 000070
__pmaintext                               maintext     00086B
__pnvBANK1                                nvBANK1      0000ED
__pnvBANK3                                nvBANK3      0001E4
__pstrings                                strings      001000
__ptext1                                  text1        001B36
__ptext10                                 text10       001EC2
__ptext11                                 text11       000004
__ptext12                                 text12       001ACC
__ptext13                                 text13       001A87
__ptext14                                 text14       001527
__ptext15                                 text15       001E35
__ptext16                                 text16       001CBA
__ptext17                                 text17       001AED
__ptext18                                 text18       000A6E
__ptext19                                 text19       001A25
__ptext2                                  text2        001BA8
__ptext20                                 text20       001F5C
__ptext21                                 text21       001C19
__ptext22                                 text22       001B5B
__ptext23                                 text23       001A65
__ptext24                                 text24       001A03
__ptext25                                 text25       001A75
__ptext26                                 text26       001A1A
__ptext27                                 text27       00080A
__ptext28                                 text28       000005
__ptext29                                 text29       001D2E
__ptext3                                  text3        00132A
__ptext30                                 text30       001112
__ptext31                                 text31       0011C3
__ptext32                                 text32       001636
__ptext33                                 text33       001DAB
__ptext34                                 text34       001276
__ptext35                                 text35       000CBE
__ptext36                                 text36       001B81
__ptext37                                 text37       001A9C
__ptext38                                 text38       001A3C
__ptext39                                 text39       001A55
__ptext4                                  text4        001C67
__ptext40                                 text40       000801
__ptext41                                 text41       001A11
__ptext42                                 text42       001A30
__ptext43                                 text43       001A48
__ptext5                                  text5        001B11
__ptext6                                  text6        00141C
__ptext7                                  text7        001AB3
__ptext8                                  text8        001BDB
__ptext9                                  text9        0010E7
__stringbase                              strings      00100F
__stringtab                               strings      001000
_dbuf                                     bssBANK2     000110
_efgtoa                                   text6        00141C
_efgtoa$739                               cstackBANK1  0000A6
_flags                                    bssBANK0     00006F
_floorf                                   text14       001527
_fputc                                    text10       001EC2
_fputs                                    text9        0010E7
_ina219_calValue                          nvBANK1      0000ED
_ina219_currentDivider_mA                 nvBANK3      0001E8
_ina219_powerMultiplier_mW                nvBANK3      0001E4
_labs                                     text13       001A87
_main                                     maintext     00086B
_memcpy                                   text12       001ACC
_pad                                      text8        001BDB
_prec                                     bssBANK1     0000EB
_putch                                    text11       000004
_read_prec_or_width                       text4        001C67
_sprintf                                  text1        001B36
_strcpy                                   text7        001AB3
_vfpfcnvrt                                text3        00132A
_vfprintf                                 text2        001BA8
_width                                    bssBANK1     0000E9
btemp                                     (abs)        00007E
clear_ram0                                clrtext      001A09
efgtoa@c                                  cstackBANK0  00005C
efgtoa@d                                  cstackBANK1  0000AB
efgtoa@e                                  cstackBANK1  0000AF
efgtoa@f                                  cstackBANK0  000058
efgtoa@fp                                 cstackBANK0  000056
efgtoa@g                                  cstackBANK1  0000C4
efgtoa@h                                  cstackBANK1  0000B9
efgtoa@i                                  cstackBANK1  0000B7
efgtoa@l                                  cstackBANK1  0000BD
efgtoa@m                                  cstackBANK1  0000AD
efgtoa@mode                               cstackBANK1  0000A9
efgtoa@n                                  cstackBANK1  0000C2
efgtoa@ne                                 cstackBANK1  0000A0
efgtoa@nmode                              cstackBANK1  0000AA
efgtoa@ou                                 cstackBANK1  0000B3
efgtoa@p                                  cstackBANK1  0000A2
efgtoa@pp                                 cstackBANK1  0000A8
efgtoa@sign                               cstackBANK1  0000C1
efgtoa@t                                  cstackBANK1  0000A4
efgtoa@u                                  cstackBANK1  0000C8
efgtoa@w                                  cstackBANK1  0000B1
end_of_initialization                     cinit        0007FC
floorf@F521                               bssBANK3     0001EC
floorf@e                                  cstackBANK0  000048
floorf@m                                  cstackBANK0  000044
floorf@u                                  cstackBANK0  00004A
floorf@x                                  cstackBANK0  00003A
fputc@c                                   cstackCOMMON 000070
fputc@fp                                  cstackCOMMON 000072
fputs@c                                   cstackBANK0  000025
fputs@fp                                  cstackBANK0  000021
fputs@i                                   cstackBANK0  000026
fputs@s                                   cstackBANK0  000020
intlevel0                                 functab      000000
intlevel1                                 functab      000000
intlevel2                                 functab      000000
intlevel3                                 functab      000000
intlevel4                                 functab      000000
intlevel5                                 functab      000000
labs@a                                    cstackCOMMON 000070
main@buffer                               cstackBANK3  000190
main@busVoltage                           cstackBANK3  0001E0
main@current_mA                           cstackBANK3  0001D0
main@loadVoltage                          cstackBANK3  0001D4
main@power_mW                             cstackBANK3  0001D8
main@shuntVoltage                         cstackBANK3  0001DC
memcpy@d                                  cstackCOMMON 000075
memcpy@d1                                 cstackCOMMON 000070
memcpy@n                                  cstackCOMMON 000072
memcpy@s                                  cstackCOMMON 000076
memcpy@s1                                 cstackCOMMON 000071
memcpy@tmp                                cstackCOMMON 000074
pad@buf                                   cstackBANK0  00002A
pad@fp                                    cstackBANK0  000028
pad@i                                     cstackBANK0  00002D
pad@p                                     cstackBANK0  00002B
pnum$text6                                (abs)        000015
pnum$text6_split_1                        (abs)        00003B
psplit$0                                  (abs)        15003B
read_prec_or_width@ap                     cstackCOMMON 000077
read_prec_or_width@c                      cstackCOMMON 000078
read_prec_or_width@fmt                    cstackCOMMON 000076
read_prec_or_width@n                      cstackCOMMON 000079
reset_vec                                 reset_vec    000000
sprintf@ap                                cstackBANK1  0000D6
sprintf@f                                 cstackBANK1  0000D7
sprintf@fmt                               cstackBANK1  0000D1
sprintf@s                                 cstackBANK1  0000D0
start                                     init         000000
start_initialization                      cinit        0007E1
strcpy@d                                  cstackCOMMON 000072
strcpy@dest                               cstackCOMMON 000070
strcpy@src                                cstackCOMMON 000071
vfpfcnvrt@ap                              cstackBANK0  000064
vfpfcnvrt@c                               cstackBANK0  00006B
vfpfcnvrt@convarg                         cstackBANK0  000067
vfpfcnvrt@cp                              cstackBANK0  00006C
vfpfcnvrt@fmt                             cstackBANK0  000063
vfpfcnvrt@fp                              cstackBANK0  000061
vfprintf@ap                               cstackBANK1  0000CF
vfprintf@cfmt                             cstackBANK0  00006D
vfprintf@fmt                              cstackBANK1  0000CE
vfprintf@fp                               cstackBANK1  0000CC
wtemp0                                    (abs)        00007E


MODULE INFORMATION

Module		Function		Class		Link	Load	Size
C:\Program Files\Microchip\xc8\v2.50\pic\sources\c99\common\memcpy.c
		_memcpy        		CODE           	1ACC	0000	33

C:\Program Files\Microchip\xc8\v2.50\pic\sources\c99\common\memcpy.c estimated size: 33

C:\Program Files\Microchip\xc8\v2.50\pic\sources\c99\common\flneg.c
		___flneg       		CODE           	1A25	0000	11

C:\Program Files\Microchip\xc8\v2.50\pic\sources\c99\common\flneg.c estimated size: 11

C:\Program Files\Microchip\xc8\v2.50\pic\sources\c99\common\Umul16.c
		___wmul        		CODE           	1B11	0000	37

C:\Program Files\Microchip\xc8\v2.50\pic\sources\c99\common\Umul16.c estimated size: 37

uart.c
		_UART_TX_Empty 		CODE           	1A03	0000	6
		_UART_Write_Text		CODE           	1B5B	0000	38
		_UART_Write    		CODE           	1A65	0000	16
		_UART_TX_Init  		CODE           	1A75	0000	18

uart.c estimated size: 78

INA219.c
		_INA219_Init   		CODE           	1A1A	0000	11
		_INA219_GetPower_mW		CODE           	1112	0000	177
		_INA219_SetCalibration_32V_2A		CODE           	080A	0000	97
		_INA219_GetBusVoltage_V		CODE           	1DAB	0000	138
		_INA219_GetCurrent_mA		CODE           	11C3	0000	179
		_INA219_GetShuntVoltage_mV		CODE           	1D2E	0000	125

INA219.c estimated size: 727

C:\Program Files\Microchip\xc8\v2.50\pic\sources\c99\common\nf_fputs.c
		_fputs         		CODE           	10E7	0000	43

C:\Program Files\Microchip\xc8\v2.50\pic\sources\c99\common\nf_fputs.c estimated size: 43

C:\Program Files\Microchip\xc8\v2.50\pic\sources\c99\common\sprcmul.c
		___flmul       		CODE           	0CBE	0000	834

C:\Program Files\Microchip\xc8\v2.50\pic\sources\c99\common\sprcmul.c estimated size: 834

C:\Program Files\Microchip\xc8\v2.50\pic\sources\c99\common\sprcdiv.c
		___fldiv       		CODE           	1636	0000	458

C:\Program Files\Microchip\xc8\v2.50\pic\sources\c99\common\sprcdiv.c estimated size: 458

i2c.c
		_I2C_Master_Wait		CODE           	1A48	0000	13
		_I2C_Master_Init		CODE           	0005	0000	13
		_I2C_Master_Stop		CODE           	0801	0000	9
		_I2C_Read_Byte 		CODE           	1A9C	0000	23
		_I2C_ACK       		CODE           	1A30	0000	12
		_I2C_Master_Write		CODE           	1A55	0000	16
		_I2C_NACK      		CODE           	1A3C	0000	12
		_I2C_Master_Start		CODE           	1A11	0000	9

i2c.c estimated size: 107

C:\Program Files\Microchip\xc8\v2.50\pic\sources\c99\common\floorf.c
		_floorf        		CODE           	1527	0000	271

C:\Program Files\Microchip\xc8\v2.50\pic\sources\c99\common\floorf.c estimated size: 271

C:\Program Files\Microchip\xc8\v2.50\pic\sources\c99\common\putch.c
		_putch         		CODE           	0004	0000	1

C:\Program Files\Microchip\xc8\v2.50\pic\sources\c99\common\putch.c estimated size: 1

C:\Program Files\Microchip\xc8\v2.50\pic\sources\c99\common\fleq.c
		___fleq        		CODE           	1C19	0000	78

C:\Program Files\Microchip\xc8\v2.50\pic\sources\c99\common\fleq.c estimated size: 78

C:\Program Files\Microchip\xc8\v2.50\pic\sources\c99\common\xxtofl.c
		___xxtofl      		CODE           	1276	0000	180

C:\Program Files\Microchip\xc8\v2.50\pic\sources\c99\common\xxtofl.c estimated size: 180

C:\Program Files\Microchip\xc8\v2.50\pic\sources\c99\common\Umul8_16.c
		__Umul8_16     		CODE           	1B81	0000	39

C:\Program Files\Microchip\xc8\v2.50\pic\sources\c99\common\Umul8_16.c estimated size: 39

C:\Program Files\Microchip\xc8\v2.50\pic\sources\c99\common\__fpclassifyf.c
		___fpclassifyf 		CODE           	1E35	0000	141

C:\Program Files\Microchip\xc8\v2.50\pic\sources\c99\common\__fpclassifyf.c estimated size: 141

C:\Program Files\Microchip\xc8\v2.50\pic\sources\c99\common\strcpy.c
		_strcpy        		CODE           	1AB3	0000	25

C:\Program Files\Microchip\xc8\v2.50\pic\sources\c99\common\strcpy.c estimated size: 25

C:\Program Files\Microchip\xc8\v2.50\pic\sources\c99\common\sprcadd.c
		___flsub       		CODE           	1AED	0000	36
		___fladd       		CODE           	0A6E	0000	592

C:\Program Files\Microchip\xc8\v2.50\pic\sources\c99\common\sprcadd.c estimated size: 628

C:\Program Files\Microchip\xc8\v2.50\pic\sources\c99\common\nf_sprintf.c
		_sprintf       		CODE           	1B36	0000	37

C:\Program Files\Microchip\xc8\v2.50\pic\sources\c99\common\nf_sprintf.c estimated size: 37

C:\Program Files\Microchip\xc8\v2.50\pic\sources\c99\common\nf_fputc.c
		_fputc         		CODE           	1EC2	0000	154

C:\Program Files\Microchip\xc8\v2.50\pic\sources\c99\common\nf_fputc.c estimated size: 154

shared
		__stringtab    		STRING         	1000	0000	16
		__initialization		CODE           	07E1	0000	27

shared estimated size: 43

C:\Program Files\Microchip\xc8\v2.50\pic\sources\c99\common\fltol.c
		___fltol       		CODE           	1CBA	0000	116

C:\Program Files\Microchip\xc8\v2.50\pic\sources\c99\common\fltol.c estimated size: 116

C:\Program Files\Microchip\xc8\v2.50\pic\sources\c99\common\doprnt.c
		_read_prec_or_width		CODE           	1C67	0000	83
		_vfpfcnvrt     		CODE           	132A	0000	242
		_efgtoa        		CODE           	141C	0000	2266
		_pad           		CODE           	1BDB	0000	62
		_vfprintf      		CODE           	1BA8	0000	51

C:\Program Files\Microchip\xc8\v2.50\pic\sources\c99\common\doprnt.c estimated size: 2704

C:\Program Files\Microchip\xc8\v2.50\pic\sources\c99\common\labs.c
		_labs          		CODE           	1A87	0000	21

C:\Program Files\Microchip\xc8\v2.50\pic\sources\c99\common\labs.c estimated size: 21

main.c
		_main          		CODE           	086B	0000	515

main.c estimated size: 515

C:\Program Files\Microchip\xc8\v2.50\pic\sources\c99\common\flge.c
		___flge        		CODE           	1F5C	0000	164

C:\Program Files\Microchip\xc8\v2.50\pic\sources\c99\common\flge.c estimated size: 164

