Microchip MPLAB XC8 Compiler V2.50

Linker command line:

-W-3 \
  --edf=C:\Program Files\Microchip\xc8\v2.50\pic\dat\20240725155939_en.msgs \
  -cn -h+dist/default/production\TC72_SENSOR.X.production.sym \
  --cmf=dist/default/production\TC72_SENSOR.X.production.cmf -z -Q16F877A \
  -oC:\Users\pc1\AppData\Local\Temp\xcAs9g8.\driver_tmp_3.o \
  --defsym=__MPLAB_BUILD=1 --fixupoverflow=error \
  -Mdist/default/production/TC72_SENSOR.X.production.map \
  --md=C:\Users\pc1\AppData\Local\Temp\xcAs9g8.\driver_tmp_0.dat -E1 \
  -ver=XC8 Compiler --acfsm=1493 -ACODE=00h-07FFhx4 -ASTRCODE=00h-01FFFh \
  -ASTRING=00h-0FFhx32 -ACONST=00h-0FFhx32 -AENTRY=00h-0FFhx32 \
  -ACOMMON=070h-07Fh -ABANK0=020h-06Fh -ABANK1=0A0h-0EFh \
  -ABANK2=0110h-016Fh -ABANK3=0190h-01EFh \
  -ARAM=020h-06Fh,0A0h-0EFh,0110h-016Fh,0190h-01EFh \
  -AABS1=020h-07Fh,0A0h-0EFh,0110h-016Fh,0190h-01EFh -ASFR0=00h-01Fh \
  -ASFR1=080h-09Fh -ASFR2=0100h-010Fh -ASFR3=0180h-018Fh \
  -ACONFIG=02007h-02007h -DCONFIG=2 -AIDLOC=02000h-02003h -DIDLOC=2 \
  -AEEDATA=00h-0FFh/02100h -peeprom_data=EEDATA -DEEDATA=2 -DCODE=2 \
  -DSTRCODE=2 -DSTRING=2 -DCONST=2 -DENTRY=2 \
  -preset_vec=00h,intentry,sivt,init,end_init -ppowerup=CODE -pcinit=CODE \
  -pfunctab=ENTRY -k \
  C:\Users\pc1\AppData\Local\Temp\xcAs9g8.\driver_tmp_17.o \
  dist/default/production\TC72_SENSOR.X.production.o 

Object code version is 3.11

Machine type is 16F877A



                Name                               Link     Load   Length Selector   Space Scale
C:\Users\pc1\AppData\Local\Temp\xcAs9g8.\driver_tmp_17.o
                end_init                              0        0        3        0       0
                config                             2007     2007        1        0       4
dist/default/production\TC72_SENSOR.X.production.o
                cinit                               7EA      7EA       16      FD4       0
                text7_split_1                        98       98      752      130       0
                config                             2007     2007        1        0       4
                text37                              804      804       1A     1008       0
                text36                             1BF0     1BF0        E     37E0       0
                text35                             1BFE     1BFE        E     37FC       0
                text34                             1BE4     1BE4        C     37C8       0
                text33                             1D70     1D70       32     3AE0       0
                text32                              A62      A62      25C     14C4       0
                text31                             124F     124F       B4     249E       0
                text30                             1ECC     1ECC       9A     3D98       0
                text29                             1DA2     1DA2       32     3B44       0
                text28                             1C1C     1C1C       12     3838       0
                text27                             1BD3     1BD3        6     37A6       0
                text26                             1C0C     1C0C       10     3818       0
                text25                             1CA2     1CA2       26     3944       0
                text24                              892      892      1D0     1124       0
                text23                             1DD4     1DD4       4E     3BA8       0
                text22                             10FC     10FC       A4     21F8       0
                text21                             1CC8     1CC8       27     3990       0
                text20                              CBE      CBE      342     197C       0
                text19                             1BD9     1BD9        B     37B2       0
                text18                             10D8     10D8       24     21B0       0
                text17                              81E      81E       74     103C       0
                text16                                B        B       8D       16       0
                text15                             140E     140E      10F     281C       0
                text14                             1C2E     1C2E       15     385C       0
                text13                             1C5C     1C5C       21     38B8       0
                text12                              803      803        1     1006       0
                text11                             1F66     1F66       9A     3ECC       0
                text10                             1D18     1D18       2B     3A30       0
                text9                              1E75     1E75       57     3CEA       0
                text8                              1C43     1C43       19     3886       0
                text7                              1303     1303      10B     2606       0
                text6                              1C7D     1C7D       25     38FA       0
                text5                              1E22     1E22       53     3C44       0
                text4                              11A0     11A0       AF     2340       0
                text3                              166D     166D      193     2CDA       0
                text2                              1CEF     1CEF       29     39DE       0
                text1                              1D43     1D43       2D     3A86       0
                maintext                           151D     151D      150     2A3A       0
                cstackBANK0                          20       20       50       20       1
                cstackCOMMON                         70       70        E       70       1
                cstackBANK1                          A0       A0       3A       A0       1
                clrtext                               3        3        8        0       0
                bssBANK3                            190      190       50      190       1
                bssBANK1                             DA       DA        D       A0       1
                strings                            1000     1000       D8     2000       0

TOTAL           Name                               Link     Load   Length     Space
        CLASS   CODE           
                end_init                              0        0        3         0
                cinit                               7EA      7EA       16         0
                text7_split_1                        98       98      752         0
                text37                              804      804       1A         0
                text36                             1BF0     1BF0        E         0
                text35                             1BFE     1BFE        E         0
                text34                             1BE4     1BE4        C         0
                text33                             1D70     1D70       32         0
                text32                              A62      A62      25C         0
                text31                             124F     124F       B4         0
                text30                             1ECC     1ECC       9A         0
                text29                             1DA2     1DA2       32         0
                text28                             1C1C     1C1C       12         0
                text27                             1BD3     1BD3        6         0
                text26                             1C0C     1C0C       10         0
                text25                             1CA2     1CA2       26         0
                text24                              892      892      1D0         0
                text23                             1DD4     1DD4       4E         0
                text22                             10FC     10FC       A4         0
                text21                             1CC8     1CC8       27         0
                text20                              CBE      CBE      342         0
                text19                             1BD9     1BD9        B         0
                text18                             10D8     10D8       24         0
                text17                              81E      81E       74         0
                text16                                B        B       8D         0
                text15                             140E     140E      10F         0
                text14                             1C2E     1C2E       15         0
                text13                             1C5C     1C5C       21         0
                text12                              803      803        1         0
                text11                             1F66     1F66       9A         0
                text10                             1D18     1D18       2B         0
                text9                              1E75     1E75       57         0
                text8                              1C43     1C43       19         0
                text7                              1303     1303      10B         0
                text6                              1C7D     1C7D       25         0
                text5                              1E22     1E22       53         0
                text4                              11A0     11A0       AF         0
                text3                              166D     166D      193         0
                text2                              1CEF     1CEF       29         0
                text1                              1D43     1D43       2D         0
                maintext                           151D     151D      150         0
                clrtext                               3        3        8         0

        CLASS   STRCODE        

        CLASS   STRING         
                strings                            1000     1000       D8         0

        CLASS   CONST          

        CLASS   ENTRY          

        CLASS   COMMON         
                cstackCOMMON                         70       70        E         1

        CLASS   BANK0          
                cstackBANK0                          20       20       50         1

        CLASS   BANK1          
                cstackBANK1                          A0       A0       3A         1
                bssBANK1                             DA       DA        D         1

        CLASS   BANK2          

        CLASS   BANK3          
                bssBANK3                            190      190       50         1

        CLASS   RAM            

        CLASS   ABS1           
                abs_s1                               7E       7E        2         1

        CLASS   SFR0           

        CLASS   SFR1           

        CLASS   SFR2           

        CLASS   SFR3           

        CLASS   CONFIG         
                config                             2007     2007        1         4

        CLASS   IDLOC          

        CLASS   EEDATA         

        CLASS   HEAP           

        CLASS   STACK          



SEGMENTS        Name                           Load    Length   Top    Selector   Space  Class     Delta

                reset_vec                      000000  00000B  00000B         0       0  CODE        2
                text16                         00000B  00008D  000098        16       0  CODE        2
                cstackBANK0                    000020  000050  000070        20       1  BANK0       1
                cstackCOMMON                   000070  00000E  00007E        70       1  COMMON      1
                cstackBANK1                    0000A0  000047  0000E7        A0       1  BANK1       1
                text7_split_1                  000098  000752  0007EA       130       0  CODE        2
                bssBANK3                       000190  000050  0001E0       190       1  BANK3       1
                cinit                          0007EA  000016  000800       FD4       0  CODE        2
                text12                         000803  000001  000804      1006       0  CODE        2
                text37                         000804  00001A  00081E      1008       0  CODE        2
                text17                         00081E  000074  000892      103C       0  CODE        2
                text24                         000892  0001D0  000A62      1124       0  CODE        2
                text32                         000A62  00025C  000CBE      14C4       0  CODE        2
                text20                         000CBE  000342  001000      197C       0  CODE        2
                strings                        001000  0000D8  0010D8      2000       0  STRING      2
                text18                         0010D8  000024  0010FC      21B0       0  CODE        2
                text22                         0010FC  0000A4  0011A0      21F8       0  CODE        2
                text4                          0011A0  0000AF  00124F      2340       0  CODE        2
                text31                         00124F  0000B4  001303      249E       0  CODE        2
                text7                          001303  00010B  00140E      2606       0  CODE        2
                text15                         00140E  00010F  00151D      281C       0  CODE        2
                maintext                       00151D  000150  00166D      2A3A       0  CODE        2
                text3                          00166D  000193  001800      2CDA       0  CODE        2
                text27                         001BD3  000006  001BD9      37A6       0  CODE        2
                text19                         001BD9  00000B  001BE4      37B2       0  CODE        2
                text34                         001BE4  00000C  001BF0      37C8       0  CODE        2
                text36                         001BF0  00000E  001BFE      37E0       0  CODE        2
                text35                         001BFE  00000E  001C0C      37FC       0  CODE        2
                text26                         001C0C  000010  001C1C      3818       0  CODE        2
                text28                         001C1C  000012  001C2E      3838       0  CODE        2
                text14                         001C2E  000015  001C43      385C       0  CODE        2
                text8                          001C43  000019  001C5C      3886       0  CODE        2
                text13                         001C5C  000021  001C7D      38B8       0  CODE        2
                text6                          001C7D  000025  001CA2      38FA       0  CODE        2
                text25                         001CA2  000026  001CC8      3944       0  CODE        2
                text21                         001CC8  000027  001CEF      3990       0  CODE        2
                text2                          001CEF  000029  001D18      39DE       0  CODE        2
                text10                         001D18  00002B  001D43      3A30       0  CODE        2
                text1                          001D43  00002D  001D70      3A86       0  CODE        2
                text33                         001D70  000032  001DA2      3AE0       0  CODE        2
                text29                         001DA2  000032  001DD4      3B44       0  CODE        2
                text23                         001DD4  00004E  001E22      3BA8       0  CODE        2
                text5                          001E22  000053  001E75      3C44       0  CODE        2
                text9                          001E75  000057  001ECC      3CEA       0  CODE        2
                text30                         001ECC  00009A  001F66      3D98       0  CODE        2
                text11                         001F66  00009A  002000      3ECC       0  CODE        2


UNUSED ADDRESS RANGES

        Name                Unused          Largest block    Delta
        BANK1            0000E7-0000EF                9           1
        BANK2            000110-00016F               60           1
        BANK3            0001E0-0001EF               10           1
        CODE             000800-000802                3           2
                         001800-001BD2              3D3
        CONST            000800-000802                3           2
                         001800-001BD2              100
        EEDATA           002100-0021FF              100           2
        ENTRY            000800-000802                3           2
                         001800-001BD2              100
        IDLOC            002000-002003                4           2
        RAM              0000E7-0000EF                9           1
                         000110-00016F               60
                         0001E0-0001EF               10
        SFR0             000000-00001F               20           1
        SFR1             000080-00009F               20           1
        SFR2             000100-00010F               10           1
        SFR3             000180-00018F               10           1
        STRCODE          000800-000802                3           2
                         001800-001BD2              3D3
        STRING           000800-000802                3           2
                         001800-001BD2              100

                                  Symbol Table

?_TC72_ReadTemperature                 cstackBANK0  000028
?__Umul8_16                            cstackCOMMON 000070
?___fladd                              cstackCOMMON 000070
?___fldiv                              cstackCOMMON 000070
?___flmul                              cstackBANK0  000020
?___flneg                              cstackCOMMON 000070
?___flsub                              cstackBANK0  000035
?___fltol                              cstackCOMMON 000070
?___fpclassifyf                        cstackCOMMON 000070
?___wmul                               cstackCOMMON 000070
?___xxtofl                             cstackCOMMON 000070
?_floorf                               cstackBANK0  00002D
?_labs                                 cstackCOMMON 000070
?_read_prec_or_width                   cstackCOMMON 000076
?_sprintf                              cstackBANK1  0000D4
?_vfprintf                             cstackBANK1  0000D0
SPI_Set_CS@state                       cstackCOMMON 000070
SPI_Write@Data                         cstackCOMMON 000070
TC72_ReadManufacturerID@manufacturerID cstackCOMMON 000071
TC72_ReadTemperature@lsb               cstackBANK0  000033
TC72_ReadTemperature@msb               cstackBANK0  000032
TC72_ReadTemperature@rawTemperature    cstackBANK0  000030
TC72_ReadTemperature@temperature       cstackBANK0  000034
TC72_SetMode@mode                      cstackCOMMON 000074
UART_Write@data                        cstackCOMMON 000070
UART_Write_Text@text                   cstackCOMMON 000071
_BRGH                                  (abs)        0004C2
_CKE                                   (abs)        0004A6
_CKP                                   (abs)        0000A4
_CREN                                  (abs)        0000C4
_PORTCbits                             (abs)        000007
_SPBRG                                 (abs)        000099
_SPEN                                  (abs)        0000C7
_SPI_Master_Init                       text37       000804
_SPI_Read                              text36       001BF0
_SPI_Set_CS                            text35       001BFE
_SPI_Write                             text34       001BE4
_SSPBUF                                (abs)        000013
_SSPCON                                (abs)        000014
_SSPEN                                 (abs)        0000A5
_SSPSTAT                               (abs)        000094
_SSPSTATbits                           (abs)        000094
_SYNC                                  (abs)        0004C4
_TC72_ReadManufacturerID               text33       001D70
_TC72_ReadTemperature                  text30       001ECC
_TC72_SetMode                          text29       001DA2
_TRISC3                                (abs)        00043B
_TRISC4                                (abs)        00043C
_TRISC5                                (abs)        00043D
_TRISC6                                (abs)        00043E
_TRISC7                                (abs)        00043F
_TRISCbits                             (abs)        000087
_TRMT                                  (abs)        0004C1
_TXEN                                  (abs)        0004C5
_TXREG                                 (abs)        000019
_UART_TX_Empty                         text27       001BD3
_UART_TX_Init                          text28       001C1C
_UART_Write                            text26       001C0C
_UART_Write_Text                       text25       001CA2
__H__absolute__                        __absolute__ 000000
__Habs1                                abs1         000000
__Hbank0                               bank0        000000
__Hbank1                               bank1        000000
__Hbank2                               bank2        000000
__Hbank3                               bank3        000000
__HbssBANK1                            bssBANK1     000000
__HbssBANK3                            bssBANK3     000000
__Hcinit                               cinit        000800
__Hclrtext                             clrtext      000000
__Hcode                                code         000000
__Hcommon                              common       000000
__Hconfig                              config       002008
__HcstackBANK0                         cstackBANK0  000000
__HcstackBANK1                         cstackBANK1  000000
__HcstackCOMMON                        cstackCOMMON 000000
__Heeprom_data                         eeprom_data  000000
__Hend_init                            end_init     000003
__Hfunctab                             functab      000000
__Hheap                                heap         000000
__Hinit                                init         000000
__Hintentry                            intentry     000000
__Hmaintext                            maintext     000000
__Hpowerup                             powerup      000000
__Hram                                 ram          000000
__Hreset_vec                           reset_vec    000000
__Hsfr0                                sfr0         000000
__Hsfr1                                sfr1         000000
__Hsfr2                                sfr2         000000
__Hsfr3                                sfr3         000000
__Hsivt                                sivt         000000
__Hspace_0                             (abs)        002000
__Hspace_1                             (abs)        0001E0
__Hspace_2                             (abs)        000000
__Hspace_3                             (abs)        000000
__Hspace_4                             (abs)        00400F
__Hstack                               stack        000000
__Hstrings                             strings      000000
__Htext                                text         000000
__L__absolute__                        __absolute__ 000000
__Labs1                                abs1         000000
__Lbank0                               bank0        000000
__Lbank1                               bank1        000000
__Lbank2                               bank2        000000
__Lbank3                               bank3        000000
__LbssBANK1                            bssBANK1     000000
__LbssBANK3                            bssBANK3     000000
__Lcinit                               cinit        0007EA
__Lclrtext                             clrtext      000000
__Lcode                                code         000000
__Lcommon                              common       000000
__Lconfig                              config       000000
__LcstackBANK0                         cstackBANK0  000000
__LcstackBANK1                         cstackBANK1  000000
__LcstackCOMMON                        cstackCOMMON 000000
__Leeprom_data                         eeprom_data  000000
__Lend_init                            end_init     000000
__Lfunctab                             functab      000000
__Lheap                                heap         000000
__Linit                                init         000000
__Lintentry                            intentry     000000
__Lmaintext                            maintext     000000
__Lpowerup                             powerup      000000
__Lram                                 ram          000000
__Lreset_vec                           reset_vec    000000
__Lsfr0                                sfr0         000000
__Lsfr1                                sfr1         000000
__Lsfr2                                sfr2         000000
__Lsfr3                                sfr3         000000
__Lsivt                                sivt         000000
__Lspace_0                             (abs)        000000
__Lspace_1                             (abs)        000000
__Lspace_2                             (abs)        000000
__Lspace_3                             (abs)        000000
__Lspace_4                             (abs)        000000
__Lstack                               stack        000000
__Lstrings                             strings      000000
__Ltext                                text         000000
__S0                                   (abs)        002000
__S1                                   (abs)        0001E0
__S3                                   (abs)        000000
__Umul8_16                             text21       001CC8
__Umul8_16@multiplicand                cstackCOMMON 000070
__Umul8_16@multiplier                  cstackCOMMON 000078
__Umul8_16@product                     cstackCOMMON 000074
__Umul8_16@word_mpld                   cstackCOMMON 000076
___fladd                               text32       000A62
___fladd@a                             cstackCOMMON 000074
___fladd@aexp                          cstackCOMMON 000079
___fladd@b                             cstackCOMMON 000070
___fladd@bexp                          cstackCOMMON 00007A
___fladd@grs                           cstackCOMMON 00007B
___fladd@signs                         cstackCOMMON 000078
___fldiv                               text24       000892
___fldiv@a                             cstackCOMMON 000070
___fldiv@aexp                          cstackBANK0  00002C
___fldiv@b                             cstackCOMMON 000074
___fldiv@bexp                          cstackBANK0  00002B
___fldiv@grs                           cstackBANK0  000027
___fldiv@new_exp                       cstackBANK0  000025
___fldiv@rem                           cstackBANK0  000020
___fldiv@sign                          cstackBANK0  000024
___fleq                                text23       001DD4
___fleq@ff1                            cstackCOMMON 000070
___fleq@ff2                            cstackCOMMON 000074
___flge                                text22       0010FC
___flge@ff1                            cstackBANK0  000035
___flge@ff2                            cstackBANK0  000039
___flmul                               text20       000CBE
___flmul@a                             cstackBANK0  000024
___flmul@aexp                          cstackBANK0  00002D
___flmul@b                             cstackBANK0  000020
___flmul@bexp                          cstackBANK0  00002E
___flmul@grs                           cstackBANK0  000029
___flmul@prod                          cstackBANK0  00002F
___flmul@sign                          cstackBANK0  000028
___flmul@temp                          cstackBANK0  000033
___flneg                               text19       001BD9
___flneg@f1                            cstackCOMMON 000070
___flsub                               text18       0010D8
___flsub@a                             cstackBANK0  000035
___flsub@b                             cstackBANK0  000039
___fltol                               text17       00081E
___fltol@exp1                          cstackCOMMON 000079
___fltol@f1                            cstackCOMMON 000070
___fltol@sign1                         cstackCOMMON 000078
___fpclassifyf                         text16       00000B
___fpclassifyf@F465                    bssBANK1     0000DE
___fpclassifyf@e                       cstackBANK0  000020
___fpclassifyf@u                       cstackBANK0  000022
___fpclassifyf@x                       cstackCOMMON 000070
___heap_hi                             (abs)        000000
___heap_lo                             (abs)        000000
___int_sp                              stack        000000
___int_stack_hi                        stack        000000
___int_stack_lo                        stack        000000
___latbits                             (abs)        000002
___sp                                  stack        000000
___stack_hi                            stack        000000
___stack_lo                            stack        000000
___stackhi                             (abs)        000000
___stacklo                             (abs)        000000
___wmul                                text6        001C7D
___wmul@multiplicand                   cstackCOMMON 000072
___wmul@multiplier                     cstackCOMMON 000070
___wmul@product                        cstackCOMMON 000074
___xxtofl                              text31       00124F
___xxtofl@arg                          cstackCOMMON 00007A
___xxtofl@exp                          cstackCOMMON 000079
___xxtofl@sign                         cstackCOMMON 000078
___xxtofl@val                          cstackCOMMON 000070
__end_of_SPI_Master_Init               text37       00081E
__end_of_SPI_Read                      text36       001BFE
__end_of_SPI_Set_CS                    text35       001C0C
__end_of_SPI_Write                     text34       001BF0
__end_of_TC72_ReadManufacturerID       text33       001DA2
__end_of_TC72_ReadTemperature          text30       001F66
__end_of_TC72_SetMode                  text29       001DD4
__end_of_UART_TX_Empty                 text27       001BD9
__end_of_UART_TX_Init                  text28       001C2E
__end_of_UART_Write                    text26       001C1C
__end_of_UART_Write_Text               text25       001CC8
__end_of__Umul8_16                     text21       001CEF
__end_of___fladd                       text32       000CBE
__end_of___fldiv                       text24       000A62
__end_of___fleq                        text23       001E22
__end_of___flge                        text22       0011A0
__end_of___flmul                       text20       001000
__end_of___flneg                       text19       001BE4
__end_of___flsub                       text18       0010FC
__end_of___fltol                       text17       000892
__end_of___fpclassifyf                 text16       000098
__end_of___wmul                        text6        001CA2
__end_of___xxtofl                      text31       001303
__end_of__initialization               cinit        0007FC
__end_of__stringtab                    strings      001010
__end_of_efgtoa                        text7_split_1 0007EA
__end_of_floorf                        text15       00151D
__end_of_fputc                         text11       002000
__end_of_fputs                         text10       001D43
__end_of_labs                          text14       001C43
__end_of_main                          maintext     00166D
__end_of_memcpy                        text13       001C7D
__end_of_pad                           text9        001ECC
__end_of_putch                         text12       000804
__end_of_read_prec_or_width            text5        001E75
__end_of_sprintf                       text1        001D70
__end_of_strcpy                        text8        001C5C
__end_of_vfpfcnvrt                     text3        001800
__end_of_vfprintf                      text2        001D18
__end_of_xtoa                          text4        00124F
__initialization                       cinit        0007EA
__pbssBANK1                            bssBANK1     0000DA
__pbssBANK3                            bssBANK3     000190
__pcstackBANK0                         cstackBANK0  000020
__pcstackBANK1                         cstackBANK1  0000A0
__pcstackCOMMON                        cstackCOMMON 000070
__pmaintext                            maintext     00151D
__pstrings                             strings      001000
__ptext1                               text1        001D43
__ptext10                              text10       001D18
__ptext11                              text11       001F66
__ptext12                              text12       000803
__ptext13                              text13       001C5C
__ptext14                              text14       001C2E
__ptext15                              text15       00140E
__ptext16                              text16       00000B
__ptext17                              text17       00081E
__ptext18                              text18       0010D8
__ptext19                              text19       001BD9
__ptext2                               text2        001CEF
__ptext20                              text20       000CBE
__ptext21                              text21       001CC8
__ptext22                              text22       0010FC
__ptext23                              text23       001DD4
__ptext24                              text24       000892
__ptext25                              text25       001CA2
__ptext26                              text26       001C0C
__ptext27                              text27       001BD3
__ptext28                              text28       001C1C
__ptext29                              text29       001DA2
__ptext3                               text3        00166D
__ptext30                              text30       001ECC
__ptext31                              text31       00124F
__ptext32                              text32       000A62
__ptext33                              text33       001D70
__ptext34                              text34       001BE4
__ptext35                              text35       001BFE
__ptext36                              text36       001BF0
__ptext37                              text37       000804
__ptext4                               text4        0011A0
__ptext5                               text5        001E22
__ptext6                               text6        001C7D
__ptext7                               text7        001303
__ptext8                               text8        001C43
__ptext9                               text9        001E75
__stringbase                           strings      00100F
__stringtab                            strings      001000
_dbuf                                  bssBANK3     000190
_efgtoa                                text7        001303
_efgtoa$854                            cstackBANK1  0000A6
_flags                                 bssBANK1     0000E6
_floorf                                text15       00140E
_fputc                                 text11       001F66
_fputs                                 text10       001D18
_labs                                  text14       001C2E
_main                                  maintext     00151D
_memcpy                                text13       001C5C
_pad                                   text9        001E75
_prec                                  bssBANK1     0000E4
_putch                                 text12       000803
_read_prec_or_width                    text5        001E22
_sprintf                               text1        001D43
_strcpy                                text8        001C43
_vfpfcnvrt                             text3        00166D
_vfprintf                              text2        001CEF
_width                                 bssBANK1     0000E2
_xtoa                                  text4        0011A0
btemp                                  (abs)        00007E
clear_ram0                             clrtext      000003
efgtoa@c                               cstackBANK0  000047
efgtoa@d                               cstackBANK1  0000AB
efgtoa@e                               cstackBANK1  0000AF
efgtoa@f                               cstackBANK0  000043
efgtoa@fp                              cstackBANK0  000041
efgtoa@g                               cstackBANK1  0000C2
efgtoa@h                               cstackBANK1  0000B7
efgtoa@i                               cstackBANK1  0000BF
efgtoa@l                               cstackBANK1  0000BB
efgtoa@m                               cstackBANK1  0000AD
efgtoa@mode                            cstackBANK1  0000A9
efgtoa@n                               cstackBANK1  0000C6
efgtoa@ne                              cstackBANK1  0000A0
efgtoa@nmode                           cstackBANK1  0000AA
efgtoa@ou                              cstackBANK1  0000B3
efgtoa@p                               cstackBANK1  0000A2
efgtoa@pp                              cstackBANK1  0000A8
efgtoa@sign                            cstackBANK1  0000C1
efgtoa@t                               cstackBANK1  0000A4
efgtoa@u                               cstackBANK1  0000C8
efgtoa@w                               cstackBANK1  0000B1
end_of_initialization                  cinit        0007FC
floorf@F521                            bssBANK1     0000DA
floorf@e                               cstackBANK0  00003B
floorf@m                               cstackBANK0  000037
floorf@u                               cstackBANK0  00003D
floorf@x                               cstackBANK0  00002D
fputc@c                                cstackCOMMON 000070
fputc@fp                               cstackCOMMON 000072
fputs@c                                cstackBANK0  000025
fputs@fp                               cstackBANK0  000021
fputs@i                                cstackBANK0  000026
fputs@s                                cstackBANK0  000020
intlevel0                              functab      000000
intlevel1                              functab      000000
intlevel2                              functab      000000
intlevel3                              functab      000000
intlevel4                              functab      000000
intlevel5                              functab      000000
labs@a                                 cstackCOMMON 000070
main@buffer                            cstackBANK0  000066
main@manufacturerID                    cstackBANK0  00006F
main@temperature                       cstackBANK0  00006B
memcpy@d                               cstackCOMMON 000075
memcpy@d1                              cstackCOMMON 000070
memcpy@n                               cstackCOMMON 000072
memcpy@s                               cstackCOMMON 000076
memcpy@s1                              cstackCOMMON 000071
memcpy@tmp                             cstackCOMMON 000074
pad@buf                                cstackBANK0  00002A
pad@fp                                 cstackBANK0  000028
pad@i                                  cstackBANK0  00002D
pad@p                                  cstackBANK0  00002B
pnum$text7                             (abs)        000011
pnum$text7_split_1                     (abs)        000031
psplit$0                               (abs)        110031
read_prec_or_width@ap                  cstackCOMMON 000077
read_prec_or_width@c                   cstackCOMMON 000078
read_prec_or_width@fmt                 cstackCOMMON 000076
read_prec_or_width@n                   cstackCOMMON 000079
reset_vec                              reset_vec    000000
sprintf@ap                             cstackBANK0  000057
sprintf@f                              cstackBANK0  000058
sprintf@fmt                            cstackBANK1  0000D5
sprintf@s                              cstackBANK1  0000D4
start                                  init         000000
start_initialization                   cinit        0007EA
strcpy@d                               cstackCOMMON 000072
strcpy@dest                            cstackCOMMON 000070
strcpy@src                             cstackCOMMON 000071
vfpfcnvrt@ap                           cstackBANK1  0000CF
vfpfcnvrt@c                            cstackBANK0  000053
vfpfcnvrt@convarg                      cstackBANK0  00004F
vfpfcnvrt@cp                           cstackBANK0  000054
vfpfcnvrt@done                         cstackBANK0  00004E
vfpfcnvrt@fmt                          cstackBANK1  0000CE
vfpfcnvrt@fp                           cstackBANK1  0000CC
vfprintf@ap                            cstackBANK1  0000D3
vfprintf@cfmt                          cstackBANK0  000055
vfprintf@fmt                           cstackBANK1  0000D2
vfprintf@fp                            cstackBANK1  0000D0
wtemp0                                 (abs)        00007E
xtoa@c                                 cstackBANK0  000037
xtoa@d                                 cstackBANK0  000031
xtoa@fp                                cstackBANK0  00002F
xtoa@i                                 cstackBANK0  000038
xtoa@p                                 cstackBANK0  000033
xtoa@w                                 cstackBANK0  000035


MODULE INFORMATION

Module		Function		Class		Link	Load	Size
C:\Program Files\Microchip\xc8\v2.50\pic\sources\c99\common\memcpy.c
		_memcpy        		CODE           	1C5C	0000	33

C:\Program Files\Microchip\xc8\v2.50\pic\sources\c99\common\memcpy.c estimated size: 33

C:\Program Files\Microchip\xc8\v2.50\pic\sources\c99\common\flneg.c
		___flneg       		CODE           	1BD9	0000	11

C:\Program Files\Microchip\xc8\v2.50\pic\sources\c99\common\flneg.c estimated size: 11

C:\Program Files\Microchip\xc8\v2.50\pic\sources\c99\common\Umul16.c
		___wmul        		CODE           	1C7D	0000	37

C:\Program Files\Microchip\xc8\v2.50\pic\sources\c99\common\Umul16.c estimated size: 37

uart.c
		_UART_TX_Empty 		CODE           	1BD3	0000	6
		_UART_Write_Text		CODE           	1CA2	0000	38
		_UART_Write    		CODE           	1C0C	0000	16
		_UART_TX_Init  		CODE           	1C1C	0000	18

uart.c estimated size: 78

C:\Program Files\Microchip\xc8\v2.50\pic\sources\c99\common\nf_fputs.c
		_fputs         		CODE           	1D18	0000	43

C:\Program Files\Microchip\xc8\v2.50\pic\sources\c99\common\nf_fputs.c estimated size: 43

C:\Program Files\Microchip\xc8\v2.50\pic\sources\c99\common\sprcmul.c
		___flmul       		CODE           	0CBE	0000	834

C:\Program Files\Microchip\xc8\v2.50\pic\sources\c99\common\sprcmul.c estimated size: 834

C:\Program Files\Microchip\xc8\v2.50\pic\sources\c99\common\sprcdiv.c
		___fldiv       		CODE           	0892	0000	464

C:\Program Files\Microchip\xc8\v2.50\pic\sources\c99\common\sprcdiv.c estimated size: 464

C:\Program Files\Microchip\xc8\v2.50\pic\sources\c99\common\floorf.c
		_floorf        		CODE           	140E	0000	271

C:\Program Files\Microchip\xc8\v2.50\pic\sources\c99\common\floorf.c estimated size: 271

C:\Program Files\Microchip\xc8\v2.50\pic\sources\c99\common\putch.c
		_putch         		CODE           	0803	0000	1

C:\Program Files\Microchip\xc8\v2.50\pic\sources\c99\common\putch.c estimated size: 1

C:\Program Files\Microchip\xc8\v2.50\pic\sources\c99\common\fleq.c
		___fleq        		CODE           	1DD4	0000	78

C:\Program Files\Microchip\xc8\v2.50\pic\sources\c99\common\fleq.c estimated size: 78

C:\Program Files\Microchip\xc8\v2.50\pic\sources\c99\common\xxtofl.c
		___xxtofl      		CODE           	124F	0000	180

C:\Program Files\Microchip\xc8\v2.50\pic\sources\c99\common\xxtofl.c estimated size: 180

C:\Program Files\Microchip\xc8\v2.50\pic\sources\c99\common\Umul8_16.c
		__Umul8_16     		CODE           	1CC8	0000	39

C:\Program Files\Microchip\xc8\v2.50\pic\sources\c99\common\Umul8_16.c estimated size: 39

C:\Program Files\Microchip\xc8\v2.50\pic\sources\c99\common\__fpclassifyf.c
		___fpclassifyf 		CODE           	000B	0000	141

C:\Program Files\Microchip\xc8\v2.50\pic\sources\c99\common\__fpclassifyf.c estimated size: 141

spi.c
		_SPI_Master_Init		CODE           	0804	0000	26
		_SPI_Write     		CODE           	1BE4	0000	12
		_SPI_Read      		CODE           	1BF0	0000	14
		_SPI_Set_CS    		CODE           	1BFE	0000	14

spi.c estimated size: 66

C:\Program Files\Microchip\xc8\v2.50\pic\sources\c99\common\strcpy.c
		_strcpy        		CODE           	1C43	0000	25

C:\Program Files\Microchip\xc8\v2.50\pic\sources\c99\common\strcpy.c estimated size: 25

C:\Program Files\Microchip\xc8\v2.50\pic\sources\c99\common\sprcadd.c
		___flsub       		CODE           	10D8	0000	36
		___fladd       		CODE           	0A62	0000	604

C:\Program Files\Microchip\xc8\v2.50\pic\sources\c99\common\sprcadd.c estimated size: 640

C:\Program Files\Microchip\xc8\v2.50\pic\sources\c99\common\nf_sprintf.c
		_sprintf       		CODE           	1D43	0000	45

C:\Program Files\Microchip\xc8\v2.50\pic\sources\c99\common\nf_sprintf.c estimated size: 45

C:\Program Files\Microchip\xc8\v2.50\pic\sources\c99\common\nf_fputc.c
		_fputc         		CODE           	1F66	0000	154

C:\Program Files\Microchip\xc8\v2.50\pic\sources\c99\common\nf_fputc.c estimated size: 154

shared
		__stringtab    		STRING         	1000	0000	16
		__initialization		CODE           	07EA	0000	18

shared estimated size: 34

C:\Program Files\Microchip\xc8\v2.50\pic\sources\c99\common\fltol.c
		___fltol       		CODE           	081E	0000	116

C:\Program Files\Microchip\xc8\v2.50\pic\sources\c99\common\fltol.c estimated size: 116

C:\Program Files\Microchip\xc8\v2.50\pic\sources\c99\common\doprnt.c
		_read_prec_or_width		CODE           	1E22	0000	83
		_vfpfcnvrt     		CODE           	166D	0000	403
		_efgtoa        		CODE           	1303	0000	2141
		_pad           		CODE           	1E75	0000	87
		_vfprintf      		CODE           	1CEF	0000	41
		_xtoa          		CODE           	11A0	0000	175

C:\Program Files\Microchip\xc8\v2.50\pic\sources\c99\common\doprnt.c estimated size: 2930

C:\Program Files\Microchip\xc8\v2.50\pic\sources\c99\common\labs.c
		_labs          		CODE           	1C2E	0000	21

C:\Program Files\Microchip\xc8\v2.50\pic\sources\c99\common\labs.c estimated size: 21

tc72.c
		_TC72_ReadManufacturerID		CODE           	1D70	0000	50
		_TC72_SetMode  		CODE           	1DA2	0000	50
		_TC72_ReadTemperature		CODE           	1ECC	0000	154

tc72.c estimated size: 254

main.c
		_main          		CODE           	151D	0000	336

main.c estimated size: 336

C:\Program Files\Microchip\xc8\v2.50\pic\sources\c99\common\flge.c
		___flge        		CODE           	10FC	0000	164

C:\Program Files\Microchip\xc8\v2.50\pic\sources\c99\common\flge.c estimated size: 164

