Microchip MPLAB XC8 Compiler V2.50

Linker command line:

-W-3 \
  --edf=C:\Program Files\Microchip\xc8\v2.50\pic\dat\20240725155939_en.msgs \
  -cn -h+dist/default/production\DS1620.X.production.sym \
  --cmf=dist/default/production\DS1620.X.production.cmf -z -Q16F877A \
  -oC:\Users\pc1\AppData\Local\Temp\xcAsjrc.\driver_tmp_3.o \
  --defsym=__MPLAB_BUILD=1 --fixupoverflow=error \
  -Mdist/default/production/DS1620.X.production.map \
  --md=C:\Users\pc1\AppData\Local\Temp\xcAsjrc.\driver_tmp_0.dat -E1 \
  -ver=XC8 Compiler --acfsm=1493 -ACODE=00h-07FFhx4 -ASTRCODE=00h-01FFFh \
  -ASTRING=00h-0FFhx32 -ACONST=00h-0FFhx32 -AENTRY=00h-0FFhx32 \
  -ACOMMON=070h-07Fh -ABANK0=020h-06Fh -ABANK1=0A0h-0EFh \
  -ABANK2=0110h-016Fh -ABANK3=0190h-01EFh \
  -ARAM=020h-06Fh,0A0h-0EFh,0110h-016Fh,0190h-01EFh \
  -AABS1=020h-07Fh,0A0h-0EFh,0110h-016Fh,0190h-01EFh -ASFR0=00h-01Fh \
  -ASFR1=080h-09Fh -ASFR2=0100h-010Fh -ASFR3=0180h-018Fh \
  -ACONFIG=02007h-02007h -DCONFIG=2 -AIDLOC=02000h-02003h -DIDLOC=2 \
  -AEEDATA=00h-0FFh/02100h -peeprom_data=EEDATA -DEEDATA=2 -DCODE=2 \
  -DSTRCODE=2 -DSTRING=2 -DCONST=2 -DENTRY=2 \
  -preset_vec=00h,intentry,sivt,init,end_init -ppowerup=CODE -pcinit=CODE \
  -pfunctab=ENTRY -k \
  C:\Users\pc1\AppData\Local\Temp\xcAsjrc.\driver_tmp_17.o \
  dist/default/production\DS1620.X.production.o 

Object code version is 3.11

Machine type is 16F877A



                Name                               Link     Load   Length Selector   Space Scale
C:\Users\pc1\AppData\Local\Temp\xcAsjrc.\driver_tmp_17.o
                end_init                              0        0        3        0       0
                config                             2007     2007        1        0       4
dist/default/production\DS1620.X.production.o
                cinit                               7EB      7EB       15      FD6       0
                config                             2007     2007        1        0       4
                text19                              2FC      2FC        7      5F8       0
                text18                              303      303        8      606       0
                text17                              39E      39E       26      73C       0
                text16                              482      482       41      904       0
                text15                              41C      41C       33      838       0
                text14                              4C3      4C3       51      986       0
                text13                              44F      44F       33      89E       0
                text12                              338      338       1E      670       0
                text11                              3EA      3EA       32      7D4       0
                text10                              3C4      3C4       26      788       0
                text9                               56B      56B       63      AD6       0
                text8                               514      514       57      A28       0
                text7                               313      313       11      626       0
                text6                               2FB      2FB        1      5F6       0
                text5                               5CE      5CE       9A      B9C       0
                text4                               705      705       E6      E0A       0
                text3                               379      379       25      6F2       0
                text2                               356      356       23      6AC       0
                text1                               324      324       14      648       0
                maintext                            668      668       9D      CD0       0
                cstackBANK0                          20       20       2D       20       1
                cstackCOMMON                         70       70        E       70       1
                clrtext                             30B      30B        8      616       0
                bssBANK1                             A0       A0       20       A0       1
                bssBANK0                             4D       4D       15       20       1
                strings                               3        3       2B        6       0

TOTAL           Name                               Link     Load   Length     Space
        CLASS   CODE           
                end_init                              0        0        3         0
                cinit                               7EB      7EB       15         0
                text19                              2FC      2FC        7         0
                text18                              303      303        8         0
                text17                              39E      39E       26         0
                text16                              482      482       41         0
                text15                              41C      41C       33         0
                text14                              4C3      4C3       51         0
                text13                              44F      44F       33         0
                text12                              338      338       1E         0
                text11                              3EA      3EA       32         0
                text10                              3C4      3C4       26         0
                text9                               56B      56B       63         0
                text8                               514      514       57         0
                text7                               313      313       11         0
                text6                               2FB      2FB        1         0
                text5                               5CE      5CE       9A         0
                text4                               705      705       E6         0
                text3                               379      379       25         0
                text2                               356      356       23         0
                text1                               324      324       14         0
                maintext                            668      668       9D         0
                clrtext                             30B      30B        8         0

        CLASS   STRCODE        

        CLASS   STRING         
                strings                               3        3       2B         0

        CLASS   CONST          

        CLASS   ENTRY          

        CLASS   COMMON         
                cstackCOMMON                         70       70        E         1

        CLASS   BANK0          
                cstackBANK0                          20       20       2D         1
                bssBANK0                             4D       4D       15         1

        CLASS   BANK1          
                bssBANK1                             A0       A0       20         1

        CLASS   BANK2          

        CLASS   BANK3          

        CLASS   RAM            

        CLASS   ABS1           
                abs_s1                               7E       7E        2         1

        CLASS   SFR0           

        CLASS   SFR1           

        CLASS   SFR2           

        CLASS   SFR3           

        CLASS   CONFIG         
                config                             2007     2007        1         4

        CLASS   IDLOC          

        CLASS   EEDATA         

        CLASS   HEAP           

        CLASS   STACK          



SEGMENTS        Name                           Load    Length   Top    Selector   Space  Class     Delta

                reset_vec                      000000  000003  000003         0       0  CODE        2
                strings                        000003  00002B  00002E         6       0  STRING      2
                cstackBANK0                    000020  000042  000062        20       1  BANK0       1
                cstackCOMMON                   000070  00000E  00007E        70       1  COMMON      1
                bssBANK1                       0000A0  000020  0000C0        A0       1  BANK1       1
                text6                          0002FB  000001  0002FC       5F6       0  CODE        2
                text19                         0002FC  000007  000303       5F8       0  CODE        2
                text18                         000303  000008  00030B       606       0  CODE        2
                clrtext                        00030B  000008  000313       616       0  CODE        2
                text7                          000313  000011  000324       626       0  CODE        2
                text1                          000324  000014  000338       648       0  CODE        2
                text12                         000338  00001E  000356       670       0  CODE        2
                text2                          000356  000023  000379       6AC       0  CODE        2
                text3                          000379  000025  00039E       6F2       0  CODE        2
                text17                         00039E  000026  0003C4       73C       0  CODE        2
                text10                         0003C4  000026  0003EA       788       0  CODE        2
                text11                         0003EA  000032  00041C       7D4       0  CODE        2
                text15                         00041C  000033  00044F       838       0  CODE        2
                text13                         00044F  000033  000482       89E       0  CODE        2
                text16                         000482  000041  0004C3       904       0  CODE        2
                text14                         0004C3  000051  000514       986       0  CODE        2
                text8                          000514  000057  00056B       A28       0  CODE        2
                text9                          00056B  000063  0005CE       AD6       0  CODE        2
                text5                          0005CE  00009A  000668       B9C       0  CODE        2
                maintext                       000668  00009D  000705       CD0       0  CODE        2
                text4                          000705  0000E6  0007EB       E0A       0  CODE        2
                cinit                          0007EB  000015  000800       FD6       0  CODE        2


UNUSED ADDRESS RANGES

        Name                Unused          Largest block    Delta
        BANK0            0062-006F              E           1
        BANK1            00C0-00EF             30           1
        BANK2            0110-016F             60           1
        BANK3            0190-01EF             60           1
        CODE             002E-02FA            2CD           2
                         0800-1FFF            800
        CONST            002E-02FA            100           2
                         0800-1FFF            100
        EEDATA           2100-21FF            100           2
        ENTRY            002E-02FA            100           2
                         0800-1FFF            100
        IDLOC            2000-2003              4           2
        RAM              0062-006F              E           1
                         00C0-00EF             30
                         0110-016F             60
                         0190-01EF             60
        SFR0             0000-001F             20           1
        SFR1             0080-009F             20           1
        SFR2             0100-010F             10           1
        SFR3             0180-018F             10           1
        STRCODE          002E-02FA            2CD           2
                         0800-1FFF           1800
        STRING           002E-02FA            100           2
                         0800-1FFF            100

                                  Symbol Table

?___awdiv                 cstackCOMMON 0070
?___awmod                 cstackCOMMON 0070
?_abs                     cstackCOMMON 0076
?_read_data               cstackCOMMON 0070
?_read_temperature        cstackCOMMON 0077
?_sprintf                 cstackBANK0  0031
?_strlen                  cstackCOMMON 0070
?_vfprintf                cstackBANK0  002D
_PORTCbits                (abs)        0007
_PORTD                    (abs)        0008
_TRISCbits                (abs)        0087
_TRISD                    (abs)        0088
__H__absolute__           __absolute__ 0000
__Habs1                   abs1         0000
__Hbank0                  bank0        0000
__Hbank1                  bank1        0000
__Hbank2                  bank2        0000
__Hbank3                  bank3        0000
__HbssBANK0               bssBANK0     0000
__HbssBANK1               bssBANK1     0000
__Hcinit                  cinit        0800
__Hclrtext                clrtext      0000
__Hcode                   code         0000
__Hcommon                 common       0000
__Hconfig                 config       2008
__HcstackBANK0            cstackBANK0  0000
__HcstackCOMMON           cstackCOMMON 0000
__Heeprom_data            eeprom_data  0000
__Hend_init               end_init     0003
__Hfunctab                functab      0000
__Hheap                   heap         0000
__Hinit                   init         0000
__Hintentry               intentry     0000
__Hmaintext               maintext     0000
__Hpowerup                powerup      0000
__Hram                    ram          0000
__Hreset_vec              reset_vec    0000
__Hsfr0                   sfr0         0000
__Hsfr1                   sfr1         0000
__Hsfr2                   sfr2         0000
__Hsfr3                   sfr3         0000
__Hsivt                   sivt         0000
__Hspace_0                (abs)        0800
__Hspace_1                (abs)        00C0
__Hspace_2                (abs)        0000
__Hspace_3                (abs)        0000
__Hspace_4                (abs)        400F
__Hstack                  stack        0000
__Hstrings                strings      0000
__Htext                   text         0000
__L__absolute__           __absolute__ 0000
__Labs1                   abs1         0000
__Lbank0                  bank0        0000
__Lbank1                  bank1        0000
__Lbank2                  bank2        0000
__Lbank3                  bank3        0000
__LbssBANK0               bssBANK0     0000
__LbssBANK1               bssBANK1     0000
__Lcinit                  cinit        07EB
__Lclrtext                clrtext      0000
__Lcode                   code         0000
__Lcommon                 common       0000
__Lconfig                 config       0000
__LcstackBANK0            cstackBANK0  0000
__LcstackCOMMON           cstackCOMMON 0000
__Leeprom_data            eeprom_data  0000
__Lend_init               end_init     0000
__Lfunctab                functab      0000
__Lheap                   heap         0000
__Linit                   init         0000
__Lintentry               intentry     0000
__Lmaintext               maintext     0000
__Lpowerup                powerup      0000
__Lram                    ram          0000
__Lreset_vec              reset_vec    0000
__Lsfr0                   sfr0         0000
__Lsfr1                   sfr1         0000
__Lsfr2                   sfr2         0000
__Lsfr3                   sfr3         0000
__Lsivt                   sivt         0000
__Lspace_0                (abs)        0000
__Lspace_1                (abs)        0000
__Lspace_2                (abs)        0000
__Lspace_3                (abs)        0000
__Lspace_4                (abs)        0000
__Lstack                  stack        0000
__Lstrings                strings      0000
__Ltext                   text         0000
__S0                      (abs)        0800
__S1                      (abs)        00C0
__S3                      (abs)        0000
___awdiv                  text9        056B
___awdiv@counter          cstackCOMMON 0074
___awdiv@dividend         cstackCOMMON 0072
___awdiv@divisor          cstackCOMMON 0070
___awdiv@quotient         cstackCOMMON 0076
___awdiv@sign             cstackCOMMON 0075
___awmod                  text8        0514
___awmod@counter          cstackCOMMON 0074
___awmod@dividend         cstackCOMMON 0072
___awmod@divisor          cstackCOMMON 0070
___awmod@sign             cstackCOMMON 0075
___heap_hi                (abs)        0000
___heap_lo                (abs)        0000
___int_sp                 stack        0000
___int_stack_hi           stack        0000
___int_stack_lo           stack        0000
___latbits                (abs)        0002
___sp                     stack        0000
___stack_hi               stack        0000
___stack_lo               stack        0000
___stackhi                (abs)        0000
___stacklo                (abs)        0000
__end_of___awdiv          text9        05CE
__end_of___awmod          text8        056B
__end_of__initialization  cinit        07FC
__end_of__stringtab       strings      0013
__end_of_abs              text7        0324
__end_of_ds1620_init      text16       04C3
__end_of_end_transfer     text19       0303
__end_of_fputc            text5        0668
__end_of_lcd_command      text15       044F
__end_of_lcd_data         text13       0482
__end_of_lcd_initialize   text14       0514
__end_of_lcd_string       text12       0356
__end_of_main             maintext     0705
__end_of_putch            text6        02FC
__end_of_read_data        text11       041C
__end_of_read_temperature text10       03EA
__end_of_sprintf          text2        0379
__end_of_start_transfer   text18       030B
__end_of_strlen           text1        0338
__end_of_vfpfcnvrt        text4        07EB
__end_of_vfprintf         text3        039E
__end_of_write_data       text17       03C4
__initialization          cinit        07EB
__pbssBANK0               bssBANK0     004D
__pbssBANK1               bssBANK1     00A0
__pcstackBANK0            cstackBANK0  0020
__pcstackCOMMON           cstackCOMMON 0070
__pmaintext               maintext     0668
__pstrings                strings      0003
__ptext1                  text1        0324
__ptext10                 text10       03C4
__ptext11                 text11       03EA
__ptext12                 text12       0338
__ptext13                 text13       044F
__ptext14                 text14       04C3
__ptext15                 text15       041C
__ptext16                 text16       0482
__ptext17                 text17       039E
__ptext18                 text18       0303
__ptext19                 text19       02FC
__ptext2                  text2        0356
__ptext3                  text3        0379
__ptext4                  text4        0705
__ptext5                  text5        05CE
__ptext6                  text6        02FB
__ptext7                  text7        0313
__ptext8                  text8        0514
__ptext9                  text9        056B
__stringbase              strings      0012
__stringtab               strings      0003
_abs                      text7        0313
_dbuf                     bssBANK1     00A0
_ds1620_init              text16       0482
_end_transfer             text19       02FC
_flags                    bssBANK0     0051
_fputc                    text5        05CE
_lcd_command              text15       041C
_lcd_data                 text13       044F
_lcd_initialize           text14       04C3
_lcd_string               text12       0338
_main                     maintext     0668
_main$142                 cstackBANK0  0049
_main$901                 cstackBANK0  0047
_prec                     bssBANK0     004F
_putch                    text6        02FB
_read_data                text11       03EA
_read_temperature         text10       03C4
_sprintf                  text2        0356
_start_transfer           text18       0303
_strlen                   text1        0324
_temp_str                 bssBANK0     0052
_vfpfcnvrt                text4        0705
_vfprintf                 text3        0379
_width                    bssBANK0     004D
_write_data               text17       039E
abs@a                     cstackCOMMON 0076
btemp                     (abs)        007E
clear_ram0                clrtext      030B
end_of_initialization     cinit        07FC
fputc@c                   cstackCOMMON 0070
fputc@fp                  cstackCOMMON 0072
intlevel0                 functab      0000
intlevel1                 functab      0000
intlevel2                 functab      0000
intlevel3                 functab      0000
intlevel4                 functab      0000
intlevel5                 functab      0000
lcd_command@cmd           cstackCOMMON 0071
lcd_data@data             cstackCOMMON 0071
lcd_string@i              cstackCOMMON 0076
lcd_string@len            cstackCOMMON 0075
lcd_string@str            cstackCOMMON 0073
main@temperature          cstackBANK0  004B
read_data@data            cstackCOMMON 0074
read_data@i               cstackCOMMON 0076
read_temperature@raw_temp cstackCOMMON 0079
reset_vec                 reset_vec    0000
sprintf@ap                cstackBANK0  0038
sprintf@f                 cstackBANK0  0039
sprintf@fmt               cstackBANK0  0032
sprintf@s                 cstackBANK0  0031
start                     init         0000
start_initialization      cinit        07EB
strlen@a                  cstackCOMMON 0072
strlen@s                  cstackCOMMON 0070
vfpfcnvrt@ap              cstackBANK0  0023
vfpfcnvrt@c               cstackBANK0  002C
vfpfcnvrt@convarg         cstackBANK0  0028
vfpfcnvrt@cp              cstackBANK0  0027
vfpfcnvrt@done            cstackBANK0  0026
vfpfcnvrt@fmt             cstackBANK0  0022
vfpfcnvrt@fp              cstackBANK0  0020
vfprintf@ap               cstackBANK0  0030
vfprintf@cfmt             cstackCOMMON 007D
vfprintf@fmt              cstackBANK0  002F
vfprintf@fp               cstackBANK0  002D
write_data@data           cstackCOMMON 0072
write_data@i              cstackCOMMON 0073
wtemp0                    (abs)        007E


MODULE INFORMATION

Module		Function		Class		Link	Load	Size
C:\Program Files\Microchip\xc8\v2.50\pic\sources\c99\common\awmod.c
		___awmod       		CODE           	0514	0000	87

C:\Program Files\Microchip\xc8\v2.50\pic\sources\c99\common\awmod.c estimated size: 87

C:\Program Files\Microchip\xc8\v2.50\pic\sources\c99\common\putch.c
		_putch         		CODE           	02FB	0000	1

C:\Program Files\Microchip\xc8\v2.50\pic\sources\c99\common\putch.c estimated size: 1

C:\Program Files\Microchip\xc8\v2.50\pic\sources\c99\common\abs.c
		_abs           		CODE           	0313	0000	17

C:\Program Files\Microchip\xc8\v2.50\pic\sources\c99\common\abs.c estimated size: 17

C:\Program Files\Microchip\xc8\v2.50\pic\sources\c99\common\strlen.c
		_strlen        		CODE           	0324	0000	20

C:\Program Files\Microchip\xc8\v2.50\pic\sources\c99\common\strlen.c estimated size: 20

C:\Program Files\Microchip\xc8\v2.50\pic\sources\c99\common\nf_sprintf.c
		_sprintf       		CODE           	0356	0000	35

C:\Program Files\Microchip\xc8\v2.50\pic\sources\c99\common\nf_sprintf.c estimated size: 35

C:\Program Files\Microchip\xc8\v2.50\pic\sources\c99\common\nf_fputc.c
		_fputc         		CODE           	05CE	0000	154

C:\Program Files\Microchip\xc8\v2.50\pic\sources\c99\common\nf_fputc.c estimated size: 154

shared
		__stringtab    		STRING         	0003	0000	16
		__initialization		CODE           	07EB	0000	17

shared estimated size: 33

C:\Program Files\Microchip\xc8\v2.50\pic\sources\c99\common\awdiv.c
		___awdiv       		CODE           	056B	0000	99

C:\Program Files\Microchip\xc8\v2.50\pic\sources\c99\common\awdiv.c estimated size: 99

C:\Program Files\Microchip\xc8\v2.50\pic\sources\c99\common\doprnt.c
		_vfpfcnvrt     		CODE           	0705	0000	230
		_vfprintf      		CODE           	0379	0000	37

C:\Program Files\Microchip\xc8\v2.50\pic\sources\c99\common\doprnt.c estimated size: 267

main.c
		_lcd_command   		CODE           	041C	0000	51
		_read_temperature		CODE           	03C4	0000	38
		_write_data    		CODE           	039E	0000	38
		_lcd_data      		CODE           	044F	0000	51
		_lcd_initialize		CODE           	04C3	0000	81
		_main          		CODE           	0668	0000	157
		_start_transfer		CODE           	0303	0000	8
		_read_data     		CODE           	03EA	0000	50
		_ds1620_init   		CODE           	0482	0000	65
		_lcd_string    		CODE           	0338	0000	30
		_end_transfer  		CODE           	02FC	0000	7

main.c estimated size: 576

