Microchip MPLAB XC8 Compiler V2.50

Linker command line:

-W-3 \
  --edf=C:\Program Files\Microchip\xc8\v2.50\pic\dat\20240725155939_en.msgs \
  -cn -h+dist/default/production\STEPPER-MOTOR.X.production.sym \
  --cmf=dist/default/production\STEPPER-MOTOR.X.production.cmf -z -Q16F877A \
  -oC:\Users\pc1\AppData\Local\Temp\xcAs24.\driver_tmp_3.o \
  --defsym=__MPLAB_BUILD=1 --fixupoverflow=error \
  -Mdist/default/production/STEPPER-MOTOR.X.production.map \
  --md=C:\Users\pc1\AppData\Local\Temp\xcAs24.\driver_tmp_0.dat -E1 \
  -ver=XC8 Compiler --acfsm=1493 -ACODE=00h-07FFhx4 -ASTRCODE=00h-01FFFh \
  -ASTRING=00h-0FFhx32 -ACONST=00h-0FFhx32 -AENTRY=00h-0FFhx32 \
  -ACOMMON=070h-07Fh -ABANK0=020h-06Fh -ABANK1=0A0h-0EFh \
  -ABANK2=0110h-016Fh -ABANK3=0190h-01EFh \
  -ARAM=020h-06Fh,0A0h-0EFh,0110h-016Fh,0190h-01EFh \
  -AABS1=020h-07Fh,0A0h-0EFh,0110h-016Fh,0190h-01EFh -ASFR0=00h-01Fh \
  -ASFR1=080h-09Fh -ASFR2=0100h-010Fh -ASFR3=0180h-018Fh \
  -ACONFIG=02007h-02007h -DCONFIG=2 -AIDLOC=02000h-02003h -DIDLOC=2 \
  -AEEDATA=00h-0FFh/02100h -peeprom_data=EEDATA -DEEDATA=2 -DCODE=2 \
  -DSTRCODE=2 -DSTRING=2 -DCONST=2 -DENTRY=2 \
  -preset_vec=00h,intentry,sivt,init,end_init -ppowerup=CODE -pcinit=CODE \
  -pfunctab=ENTRY -k \
  C:\Users\pc1\AppData\Local\Temp\xcAs24.\driver_tmp_12.o \
  dist/default/production\STEPPER-MOTOR.X.production.o 

Object code version is 3.11

Machine type is 16F877A



                Name                               Link     Load   Length Selector   Space Scale
C:\Users\pc1\AppData\Local\Temp\xcAs24.\driver_tmp_12.o
                end_init                              0        0        3        0       0
                config                             2007     2007        1        0       4
dist/default/production\STEPPER-MOTOR.X.production.o
                cinit                               7FC      7FC        4      FF8       0
                config                             2007     2007        1        0       4
                text5                               6EC      6EC        8      DD8       0
                text4                               704      704       12      E08       0
                text3                               6E6      6E6        6      DCC       0
                text2                               6F4      6F4       10      DE8       0
                text1                               716      716       1C      E2C       0
                maintext                            732      732       CA      E64       0
                cstackCOMMON                         70       70        B       70       1
                strings                               3        3       E7        6       0

TOTAL           Name                               Link     Load   Length     Space
        CLASS   CODE           
                end_init                              0        0        3         0
                cinit                               7FC      7FC        4         0
                text5                               6EC      6EC        8         0
                text4                               704      704       12         0
                text3                               6E6      6E6        6         0
                text2                               6F4      6F4       10         0
                text1                               716      716       1C         0
                maintext                            732      732       CA         0

        CLASS   STRCODE        

        CLASS   STRING         
                strings                               3        3       E7         0

        CLASS   CONST          

        CLASS   ENTRY          

        CLASS   COMMON         
                cstackCOMMON                         70       70        B         1

        CLASS   BANK0          

        CLASS   BANK1          

        CLASS   BANK2          

        CLASS   BANK3          

        CLASS   RAM            

        CLASS   ABS1           
                abs_s1                               7E       7E        2         1

        CLASS   SFR0           

        CLASS   SFR1           

        CLASS   SFR2           

        CLASS   SFR3           

        CLASS   CONFIG         
                config                             2007     2007        1         4

        CLASS   IDLOC          

        CLASS   EEDATA         

        CLASS   HEAP           

        CLASS   STACK          



SEGMENTS        Name                           Load    Length   Top    Selector   Space  Class     Delta

                reset_vec                      000000  000003  000003         0       0  CODE        2
                strings                        000003  0000E7  0000EA         6       0  STRING      2
                cstackCOMMON                   000070  00000B  00007B        70       1  COMMON      1
                text3                          0006E6  000006  0006EC       DCC       0  CODE        2
                text5                          0006EC  000008  0006F4       DD8       0  CODE        2
                text2                          0006F4  000010  000704       DE8       0  CODE        2
                text4                          000704  000012  000716       E08       0  CODE        2
                text1                          000716  00001C  000732       E2C       0  CODE        2
                maintext                       000732  0000CA  0007FC       E64       0  CODE        2
                cinit                          0007FC  000004  000800       FF8       0  CODE        2


UNUSED ADDRESS RANGES

        Name                Unused          Largest block    Delta
        BANK0            0020-006F             50           1
        BANK1            00A0-00EF             50           1
        BANK2            0110-016F             60           1
        BANK3            0190-01EF             60           1
        CODE             00EA-06E5            5FC           2
                         0800-1FFF            800
        COMMON           007B-007D              3           1
        CONST            00EA-06E5            100           2
                         0800-1FFF            100
        EEDATA           2100-21FF            100           2
        ENTRY            00EA-06E5            100           2
                         0800-1FFF            100
        IDLOC            2000-2003              4           2
        RAM              0020-006F             50           1
                         00A0-00EF             50
                         0110-016F             60
                         0190-01EF             60
        SFR0             0000-001F             20           1
        SFR1             0080-009F             20           1
        SFR2             0100-010F             10           1
        SFR3             0180-018F             10           1
        STRCODE          00EA-06E5            5FC           2
                         0800-1FFF           1800
        STRING           00EA-06E5            100           2
                         0800-1FFF            100

                                  Symbol Table

UART_Write@data          cstackCOMMON 0070
UART_Write_Text@text     cstackCOMMON 0071
_BRGH                    (abs)        04C2
_CREN                    (abs)        00C4
_PIR1bits                (abs)        000C
_PORTD                   (abs)        0008
_RCIF                    (abs)        0065
_RCREG                   (abs)        001A
_SPBRG                   (abs)        0099
_SPEN                    (abs)        00C7
_SYNC                    (abs)        04C4
_TRISC6                  (abs)        043E
_TRISC7                  (abs)        043F
_TRISD                   (abs)        0088
_TRMT                    (abs)        04C1
_TXEN                    (abs)        04C5
_TXREG                   (abs)        0019
_UART_Read               text5        06EC
_UART_TX_Empty           text3        06E6
_UART_TX_Init            text4        0704
_UART_Write              text2        06F4
_UART_Write_Text         text1        0716
__H__absolute__          __absolute__ 0000
__Habs1                  abs1         0000
__Hbank0                 bank0        0000
__Hbank1                 bank1        0000
__Hbank2                 bank2        0000
__Hbank3                 bank3        0000
__Hcinit                 cinit        0800
__Hclrtext               clrtext      0000
__Hcode                  code         0000
__Hcommon                common       0000
__Hconfig                config       2008
__HcstackCOMMON          cstackCOMMON 0000
__Heeprom_data           eeprom_data  0000
__Hend_init              end_init     0003
__Hfunctab               functab      0000
__Hheap                  heap         0000
__Hinit                  init         0000
__Hintentry              intentry     0000
__Hmaintext              maintext     0000
__Hpowerup               powerup      0000
__Hram                   ram          0000
__Hreset_vec             reset_vec    0000
__Hsfr0                  sfr0         0000
__Hsfr1                  sfr1         0000
__Hsfr2                  sfr2         0000
__Hsfr3                  sfr3         0000
__Hsivt                  sivt         0000
__Hspace_0               (abs)        0800
__Hspace_1               (abs)        007B
__Hspace_2               (abs)        0000
__Hspace_3               (abs)        0000
__Hspace_4               (abs)        400F
__Hstack                 stack        0000
__Hstrings               strings      0000
__Htext                  text         0000
__L__absolute__          __absolute__ 0000
__Labs1                  abs1         0000
__Lbank0                 bank0        0000
__Lbank1                 bank1        0000
__Lbank2                 bank2        0000
__Lbank3                 bank3        0000
__Lcinit                 cinit        07FC
__Lclrtext               clrtext      0000
__Lcode                  code         0000
__Lcommon                common       0000
__Lconfig                config       0000
__LcstackCOMMON          cstackCOMMON 0000
__Leeprom_data           eeprom_data  0000
__Lend_init              end_init     0000
__Lfunctab               functab      0000
__Lheap                  heap         0000
__Linit                  init         0000
__Lintentry              intentry     0000
__Lmaintext              maintext     0000
__Lpowerup               powerup      0000
__Lram                   ram          0000
__Lreset_vec             reset_vec    0000
__Lsfr0                  sfr0         0000
__Lsfr1                  sfr1         0000
__Lsfr2                  sfr2         0000
__Lsfr3                  sfr3         0000
__Lsivt                  sivt         0000
__Lspace_0               (abs)        0000
__Lspace_1               (abs)        0000
__Lspace_2               (abs)        0000
__Lspace_3               (abs)        0000
__Lspace_4               (abs)        0000
__Lstack                 stack        0000
__Lstrings               strings      0000
__Ltext                  text         0000
__S0                     (abs)        0800
__S1                     (abs)        007B
__S3                     (abs)        0000
___heap_hi               (abs)        0000
___heap_lo               (abs)        0000
___int_sp                stack        0000
___int_stack_hi          stack        0000
___int_stack_lo          stack        0000
___latbits               (abs)        0002
___sp                    stack        0000
___stack_hi              stack        0000
___stack_lo              stack        0000
___stackhi               (abs)        0000
___stacklo               (abs)        0000
__end_of_UART_Read       text5        06F4
__end_of_UART_TX_Empty   text3        06EC
__end_of_UART_TX_Init    text4        0716
__end_of_UART_Write      text2        0704
__end_of_UART_Write_Text text1        0732
__end_of__initialization cinit        07FC
__end_of__stringtab      strings      0009
__end_of_main            maintext     07FC
__end_of_turn            strings      0011
__initialization         cinit        07FC
__pcstackCOMMON          cstackCOMMON 0070
__pmaintext              maintext     0732
__pstrings               strings      0003
__ptext1                 text1        0716
__ptext2                 text2        06F4
__ptext3                 text3        06E6
__ptext4                 text4        0704
__ptext5                 text5        06EC
__stringbase             strings      0008
__stringtab              strings      0003
_main                    maintext     0732
_main$103                cstackCOMMON 0074
_main$104                cstackCOMMON 0076
_turn                    strings      0009
btemp                    (abs)        007E
end_of_initialization    cinit        07FC
intlevel0                functab      0000
intlevel1                functab      0000
intlevel2                functab      0000
intlevel3                functab      0000
intlevel4                functab      0000
intlevel5                functab      0000
main@command             cstackCOMMON 0078
main@i                   cstackCOMMON 007A
main@new_command         cstackCOMMON 0079
reset_vec                reset_vec    0000
start                    init         0000
start_initialization     cinit        07FC
wtemp0                   (abs)        007E


MODULE INFORMATION

Module		Function		Class		Link	Load	Size
shared
		__stringtab    		STRING         	0003	0000	6
		_turn          		STRING         	0009	0000	8
		__initialization		CODE           	07FC	0000	1

shared estimated size: 15

main.c
		_UART_TX_Empty 		CODE           	06E6	0000	6
		_UART_Read     		CODE           	06EC	0000	8
		_main          		CODE           	0732	0000	202
		_UART_Write_Text		CODE           	0716	0000	28
		_UART_Write    		CODE           	06F4	0000	16
		_UART_TX_Init  		CODE           	0704	0000	18

main.c estimated size: 278

