Microchip MPLAB XC8 Compiler V2.50

Linker command line:

-W-3 \
  --edf=C:\Program Files\Microchip\xc8\v2.50\pic\dat\20240725155939_en.msgs \
  -cn -h+dist/default/production\TMP36-HIH5030-SENSORS.X.production.sym \
  --cmf=dist/default/production\TMP36-HIH5030-SENSORS.X.production.cmf -z \
  -Q16F877A -oC:\Users\pc1\AppData\Local\Temp\xcAs254.\driver_tmp_3.o \
  --defsym=__MPLAB_BUILD=1 --fixupoverflow=error \
  -Mdist/default/production/TMP36-HIH5030-SENSORS.X.production.map \
  --md=C:\Users\pc1\AppData\Local\Temp\xcAs254.\driver_tmp_0.dat -E1 \
  -ver=XC8 Compiler --acfsm=1493 -ACODE=00h-07FFhx4 -ASTRCODE=00h-01FFFh \
  -ASTRING=00h-0FFhx32 -ACONST=00h-0FFhx32 -AENTRY=00h-0FFhx32 \
  -ACOMMON=070h-07Fh -ABANK0=020h-06Fh -ABANK1=0A0h-0EFh \
  -ABANK2=0110h-016Fh -ABANK3=0190h-01EFh \
  -ARAM=020h-06Fh,0A0h-0EFh,0110h-016Fh,0190h-01EFh \
  -AABS1=020h-07Fh,0A0h-0EFh,0110h-016Fh,0190h-01EFh -ASFR0=00h-01Fh \
  -ASFR1=080h-09Fh -ASFR2=0100h-010Fh -ASFR3=0180h-018Fh \
  -ACONFIG=02007h-02007h -DCONFIG=2 -AIDLOC=02000h-02003h -DIDLOC=2 \
  -AEEDATA=00h-0FFh/02100h -peeprom_data=EEDATA -DEEDATA=2 -DCODE=2 \
  -DSTRCODE=2 -DSTRING=2 -DCONST=2 -DENTRY=2 \
  -preset_vec=00h,intentry,sivt,init,end_init -ppowerup=CODE -pcinit=CODE \
  -pfunctab=ENTRY -k \
  C:\Users\pc1\AppData\Local\Temp\xcAs254.\driver_tmp_17.o \
  dist/default/production\TMP36-HIH5030-SENSORS.X.production.o 

Object code version is 3.11

Machine type is 16F877A



                Name                               Link     Load   Length Selector   Space Scale
C:\Users\pc1\AppData\Local\Temp\xcAs254.\driver_tmp_17.o
                end_init                              0        0        3        0       0
                config                             2007     2007        1        0       4
dist/default/production\TMP36-HIH5030-SENSORS.X.production.o
                cinit                               7E8      7E8       18      FD0       0
                text7_split_1                        C3       C3      725      186       0
                config                             2007     2007        1        0       4
                text36                             1D4F     1D4F        9     3A9E       0
                text35                             1EF0     1EF0       2F     3DE0       0
                text34                             1E72     1E72       28     3CE4       0
                text33                             1002     1002       2F     2004       0
                text32                             1D8E     1D8E       17     3B1C       0
                text31                              A62      A62      25C     14C4       0
                text30                              898      898      1CA     1130       0
                text29                             1E4B     1E4B       27     3C96       0
                text28                              CBE      CBE      342     197C       0
                text27                             11E3     11E3       B4     23C6       0
                text26                             1D58     1D58        D     3AB0       0
                text25                             1D3C     1D3C        4     3A78       0
                text24                             1D40     1D40        7     3A80       0
                text23                             16CB     16CB      135     2D96       0
                text22                             139E     139E      108     273C       0
                text21                             1F5D     1F5D       4E     3EBA       0
                text20                             113F     113F       A4     227E       0
                text19                              800      800        B      FD0       0
                text18                             1E02     1E02       24     3C04       0
                text17                             1031     1031       74     2062       0
                text16                              80B      80B       8D     1016       0
                text15                             14A6     14A6      10F     294C       0
                text14                             1D79     1D79       15     3AF2       0
                text13                             1DBE     1DBE       21     3B7C       0
                text12                             1001     1001        1     2002       0
                text11                             10A5     10A5       9A     214A       0
                text10                             1E9A     1E9A       2B     3D34       0
                text9                              1F1F     1F1F       3E     3E3E       0
                text8                              1DA5     1DA5       19     3B4A       0
                text7                              1297     1297      107     252E       0
                text6                              1E26     1E26       25     3C4C       0
                text5                              1FAB     1FAB       55     3F56       0
                text4                              15B5     15B5      116     2B6A       0
                text3                              1DDF     1DDF       23     3BBE       0
                text2                              1EC5     1EC5       2B     3D8A       0
                text1                              1D65     1D65       14     3ACA       0
                maintext                              3        3       C0        0       0
                cstackBANK0                          20       20       50       20       1
                cstackCOMMON                         70       70        E       70       1
                cstackBANK1                          A0       A0       4F       A0       1
                cstackBANK3                         190      190       34      190       1
                clrtext                            1D47     1D47        8     3A8E       0
                bssBANK2                            110      110       50      110       1
                bssBANK3                            1C4      1C4       14      190       1
                bssBANK1                             EF       EF        1       A0       1
                strings                            1800     1800       2B     3000       0

TOTAL           Name                               Link     Load   Length     Space
        CLASS   CODE           
                end_init                              0        0        3         0
                cinit                               7E8      7E8       18         0
                text7_split_1                        C3       C3      725         0
                text36                             1D4F     1D4F        9         0
                text35                             1EF0     1EF0       2F         0
                text34                             1E72     1E72       28         0
                text33                             1002     1002       2F         0
                text32                             1D8E     1D8E       17         0
                text31                              A62      A62      25C         0
                text30                              898      898      1CA         0
                text29                             1E4B     1E4B       27         0
                text28                              CBE      CBE      342         0
                text27                             11E3     11E3       B4         0
                text26                             1D58     1D58        D         0
                text25                             1D3C     1D3C        4         0
                text24                             1D40     1D40        7         0
                text23                             16CB     16CB      135         0
                text22                             139E     139E      108         0
                text21                             1F5D     1F5D       4E         0
                text20                             113F     113F       A4         0
                text19                              800      800        B         0
                text18                             1E02     1E02       24         0
                text17                             1031     1031       74         0
                text16                              80B      80B       8D         0
                text15                             14A6     14A6      10F         0
                text14                             1D79     1D79       15         0
                text13                             1DBE     1DBE       21         0
                text12                             1001     1001        1         0
                text11                             10A5     10A5       9A         0
                text10                             1E9A     1E9A       2B         0
                text9                              1F1F     1F1F       3E         0
                text8                              1DA5     1DA5       19         0
                text7                              1297     1297      107         0
                text6                              1E26     1E26       25         0
                text5                              1FAB     1FAB       55         0
                text4                              15B5     15B5      116         0
                text3                              1DDF     1DDF       23         0
                text2                              1EC5     1EC5       2B         0
                text1                              1D65     1D65       14         0
                maintext                              3        3       C0         0
                clrtext                            1D47     1D47        8         0

        CLASS   STRCODE        

        CLASS   STRING         
                strings                            1800     1800       2B         0

        CLASS   CONST          

        CLASS   ENTRY          

        CLASS   COMMON         
                cstackCOMMON                         70       70        E         1

        CLASS   BANK0          
                cstackBANK0                          20       20       50         1

        CLASS   BANK1          
                cstackBANK1                          A0       A0       4F         1
                bssBANK1                             EF       EF        1         1

        CLASS   BANK2          
                bssBANK2                            110      110       50         1

        CLASS   BANK3          
                cstackBANK3                         190      190       34         1
                bssBANK3                            1C4      1C4       14         1

        CLASS   RAM            

        CLASS   ABS1           
                abs_s1                               7E       7E        2         1

        CLASS   SFR0           

        CLASS   SFR1           

        CLASS   SFR2           

        CLASS   SFR3           

        CLASS   CONFIG         
                config                             2007     2007        1         4

        CLASS   IDLOC          

        CLASS   EEDATA         

        CLASS   HEAP           

        CLASS   STACK          



SEGMENTS        Name                           Load    Length   Top    Selector   Space  Class     Delta

                reset_vec                      000000  0000C3  0000C3         0       0  CODE        2
                cstackBANK0                    000020  000050  000070        20       1  BANK0       1
                cstackCOMMON                   000070  00000E  00007E        70       1  COMMON      1
                cstackBANK1                    0000A0  000050  0000F0        A0       1  BANK1       1
                bssBANK2                       000110  000050  000160       110       1  BANK2       1
                text7_split_1                  0000C3  000725  0007E8       186       0  CODE        2
                cstackBANK3                    000190  000048  0001D8       190       1  BANK3       1
                cinit                          0007E8  000023  00080B       FD0       0  CODE        2
                text16                         00080B  00008D  000898      1016       0  CODE        2
                text30                         000898  0001CA  000A62      1130       0  CODE        2
                text31                         000A62  00025C  000CBE      14C4       0  CODE        2
                text28                         000CBE  000342  001000      197C       0  CODE        2
                text12                         001001  000001  001002      2002       0  CODE        2
                text33                         001002  00002F  001031      2004       0  CODE        2
                text17                         001031  000074  0010A5      2062       0  CODE        2
                text11                         0010A5  00009A  00113F      214A       0  CODE        2
                text20                         00113F  0000A4  0011E3      227E       0  CODE        2
                text27                         0011E3  0000B4  001297      23C6       0  CODE        2
                text7                          001297  000107  00139E      252E       0  CODE        2
                text22                         00139E  000108  0014A6      273C       0  CODE        2
                text15                         0014A6  00010F  0015B5      294C       0  CODE        2
                text4                          0015B5  000116  0016CB      2B6A       0  CODE        2
                text23                         0016CB  000135  001800      2D96       0  CODE        2
                strings                        001800  00002B  00182B      3000       0  STRING      2
                text25                         001D3C  000004  001D40      3A78       0  CODE        2
                text24                         001D40  000007  001D47      3A80       0  CODE        2
                clrtext                        001D47  000008  001D4F      3A8E       0  CODE        2
                text36                         001D4F  000009  001D58      3A9E       0  CODE        2
                text26                         001D58  00000D  001D65      3AB0       0  CODE        2
                text1                          001D65  000014  001D79      3ACA       0  CODE        2
                text14                         001D79  000015  001D8E      3AF2       0  CODE        2
                text32                         001D8E  000017  001DA5      3B1C       0  CODE        2
                text8                          001DA5  000019  001DBE      3B4A       0  CODE        2
                text13                         001DBE  000021  001DDF      3B7C       0  CODE        2
                text3                          001DDF  000023  001E02      3BBE       0  CODE        2
                text18                         001E02  000024  001E26      3C04       0  CODE        2
                text6                          001E26  000025  001E4B      3C4C       0  CODE        2
                text29                         001E4B  000027  001E72      3C96       0  CODE        2
                text34                         001E72  000028  001E9A      3CE4       0  CODE        2
                text10                         001E9A  00002B  001EC5      3D34       0  CODE        2
                text2                          001EC5  00002B  001EF0      3D8A       0  CODE        2
                text35                         001EF0  00002F  001F1F      3DE0       0  CODE        2
                text9                          001F1F  00003E  001F5D      3E3E       0  CODE        2
                text21                         001F5D  00004E  001FAB      3EBA       0  CODE        2
                text5                          001FAB  000055  002000      3F56       0  CODE        2


UNUSED ADDRESS RANGES

        Name                Unused          Largest block    Delta
        BANK2            000160-00016F               10           1
        BANK3            0001D8-0001EF               18           1
        CODE             001000-001000                1           2
                         00182B-001D3B              511
        CONST            001000-001000                1           2
                         00182B-001D3B              100
        EEDATA           002100-0021FF              100           2
        ENTRY            001000-001000                1           2
                         00182B-001D3B              100
        IDLOC            002000-002003                4           2
        RAM              000160-00016F               10           1
                         0001D8-0001EF               18
        SFR0             000000-00001F               20           1
        SFR1             000080-00009F               20           1
        SFR2             000100-00010F               10           1
        SFR3             000180-00018F               10           1
        STRCODE          001000-001000                1           2
                         00182B-001D3B              511
        STRING           001000-001000                1           2
                         00182B-001D3B              100

                                  Symbol Table

?__Umul8_16                       cstackCOMMON 000070
?___fladd                         cstackCOMMON 000070
?___fldiv                         cstackBANK0  000042
?___flmul                         cstackBANK0  000028
?___flneg                         cstackCOMMON 000070
?___flsub                         cstackBANK0  000042
?___fltol                         cstackCOMMON 000070
?___fpclassifyf                   cstackCOMMON 000070
?___wmul                          cstackCOMMON 000070
?___xxtofl                        cstackCOMMON 000070
?_floorf                          cstackBANK0  00005C
?_labs                            cstackCOMMON 000070
?_readHumidity                    cstackBANK0  00005C
?_readTemperature                 cstackBANK0  00005C
?_read_ADC_result                 cstackCOMMON 000070
?_read_prec_or_width              cstackCOMMON 000076
?_sprintf                         cstackBANK1  0000E8
?_strlen                          cstackCOMMON 000070
?_vfprintf                        cstackBANK1  0000E3
_ADCON0                           (abs)        00001F
_ADCON0bits                       (abs)        00001F
_ADCON1                           (abs)        00009F
_ADC_VALUE                        bssBANK3     0001D6
_ADRESH                           (abs)        00001E
_ADRESL                           (abs)        00009E
_PORTCbits                        (abs)        000007
_PORTD                            (abs)        000008
_TRISC                            (abs)        000087
_TRISD                            (abs)        000088
_Vout                             bssBANK3     0001CC
__H__absolute__                   __absolute__ 000000
__Habs1                           abs1         000000
__Hbank0                          bank0        000000
__Hbank1                          bank1        000000
__Hbank2                          bank2        000000
__Hbank3                          bank3        000000
__HbssBANK1                       bssBANK1     000000
__HbssBANK2                       bssBANK2     000000
__HbssBANK3                       bssBANK3     000000
__Hcinit                          cinit        000800
__Hclrtext                        clrtext      000000
__Hcode                           code         000000
__Hcommon                         common       000000
__Hconfig                         config       002008
__HcstackBANK0                    cstackBANK0  000000
__HcstackBANK1                    cstackBANK1  000000
__HcstackBANK3                    cstackBANK3  000000
__HcstackCOMMON                   cstackCOMMON 000000
__Heeprom_data                    eeprom_data  000000
__Hend_init                       end_init     000003
__Hfunctab                        functab      000000
__Hheap                           heap         000000
__Hinit                           init         000000
__Hintentry                       intentry     000000
__Hmaintext                       maintext     000000
__Hpowerup                        powerup      000000
__Hram                            ram          000000
__Hreset_vec                      reset_vec    000000
__Hsfr0                           sfr0         000000
__Hsfr1                           sfr1         000000
__Hsfr2                           sfr2         000000
__Hsfr3                           sfr3         000000
__Hsivt                           sivt         000000
__Hspace_0                        (abs)        002000
__Hspace_1                        (abs)        0001D8
__Hspace_2                        (abs)        000000
__Hspace_3                        (abs)        000000
__Hspace_4                        (abs)        00400F
__Hstack                          stack        000000
__Hstrings                        strings      000000
__Htext                           text         000000
__L__absolute__                   __absolute__ 000000
__Labs1                           abs1         000000
__Lbank0                          bank0        000000
__Lbank1                          bank1        000000
__Lbank2                          bank2        000000
__Lbank3                          bank3        000000
__LbssBANK1                       bssBANK1     000000
__LbssBANK2                       bssBANK2     000000
__LbssBANK3                       bssBANK3     000000
__Lcinit                          cinit        0007E8
__Lclrtext                        clrtext      000000
__Lcode                           code         000000
__Lcommon                         common       000000
__Lconfig                         config       000000
__LcstackBANK0                    cstackBANK0  000000
__LcstackBANK1                    cstackBANK1  000000
__LcstackBANK3                    cstackBANK3  000000
__LcstackCOMMON                   cstackCOMMON 000000
__Leeprom_data                    eeprom_data  000000
__Lend_init                       end_init     000000
__Lfunctab                        functab      000000
__Lheap                           heap         000000
__Linit                           init         000000
__Lintentry                       intentry     000000
__Lmaintext                       maintext     000000
__Lpowerup                        powerup      000000
__Lram                            ram          000000
__Lreset_vec                      reset_vec    000000
__Lsfr0                           sfr0         000000
__Lsfr1                           sfr1         000000
__Lsfr2                           sfr2         000000
__Lsfr3                           sfr3         000000
__Lsivt                           sivt         000000
__Lspace_0                        (abs)        000000
__Lspace_1                        (abs)        000000
__Lspace_2                        (abs)        000000
__Lspace_3                        (abs)        000000
__Lspace_4                        (abs)        000000
__Lstack                          stack        000000
__Lstrings                        strings      000000
__Ltext                           text         000000
__S0                              (abs)        002000
__S1                              (abs)        0001D8
__S3                              (abs)        000000
__Umul8_16                        text29       001E4B
__Umul8_16@multiplicand           cstackCOMMON 000070
__Umul8_16@multiplier             cstackCOMMON 000078
__Umul8_16@product                cstackCOMMON 000074
__Umul8_16@word_mpld              cstackCOMMON 000076
___fladd                          text31       000A62
___fladd@a                        cstackCOMMON 000074
___fladd@aexp                     cstackCOMMON 000079
___fladd@b                        cstackCOMMON 000070
___fladd@bexp                     cstackCOMMON 00007A
___fladd@grs                      cstackCOMMON 00007B
___fladd@signs                    cstackCOMMON 000078
___fldiv                          text30       000898
___fldiv@a                        cstackBANK0  000042
___fldiv@aexp                     cstackBANK0  00005B
___fldiv@b                        cstackBANK0  000046
___fldiv@bexp                     cstackBANK0  00005A
___fldiv@grs                      cstackBANK0  000056
___fldiv@new_exp                  cstackBANK0  000054
___fldiv@rem                      cstackBANK0  00004F
___fldiv@sign                     cstackBANK0  000053
___fleq                           text21       001F5D
___fleq@ff1                       cstackCOMMON 000070
___fleq@ff2                       cstackCOMMON 000074
___flge                           text20       00113F
___flge@ff1                       cstackBANK0  000042
___flge@ff2                       cstackBANK0  000046
___flmul                          text28       000CBE
___flmul@a                        cstackBANK0  00002C
___flmul@aexp                     cstackBANK0  00003A
___flmul@b                        cstackBANK0  000028
___flmul@bexp                     cstackBANK0  00003B
___flmul@grs                      cstackBANK0  000036
___flmul@prod                     cstackBANK0  00003C
___flmul@sign                     cstackBANK0  000035
___flmul@temp                     cstackBANK0  000040
___flneg                          text19       000800
___flneg@f1                       cstackCOMMON 000070
___flsub                          text18       001E02
___flsub@a                        cstackBANK0  000042
___flsub@b                        cstackBANK0  000046
___fltol                          text17       001031
___fltol@exp1                     cstackCOMMON 000079
___fltol@f1                       cstackCOMMON 000070
___fltol@sign1                    cstackCOMMON 000078
___fpclassifyf                    text16       00080B
___fpclassifyf@F465               bssBANK3     0001C8
___fpclassifyf@e                  cstackBANK0  000020
___fpclassifyf@u                  cstackBANK0  000022
___fpclassifyf@x                  cstackCOMMON 000070
___heap_hi                        (abs)        000000
___heap_lo                        (abs)        000000
___int_sp                         stack        000000
___int_stack_hi                   stack        000000
___int_stack_lo                   stack        000000
___latbits                        (abs)        000002
___sp                             stack        000000
___stack_hi                       stack        000000
___stack_lo                       stack        000000
___stackhi                        (abs)        000000
___stacklo                        (abs)        000000
___wmul                           text6        001E26
___wmul@multiplicand              cstackCOMMON 000072
___wmul@multiplier                cstackCOMMON 000070
___wmul@product                   cstackCOMMON 000074
___xxtofl                         text27       0011E3
___xxtofl@arg                     cstackCOMMON 00007A
___xxtofl@exp                     cstackCOMMON 000079
___xxtofl@sign                    cstackCOMMON 000078
___xxtofl@val                     cstackCOMMON 000070
__end_of__Umul8_16                text29       001E72
__end_of___fladd                  text31       000CBE
__end_of___fldiv                  text30       000A62
__end_of___fleq                   text21       001FAB
__end_of___flge                   text20       0011E3
__end_of___flmul                  text28       001000
__end_of___flneg                  text19       00080B
__end_of___flsub                  text18       001E26
__end_of___fltol                  text17       0010A5
__end_of___fpclassifyf            text16       000898
__end_of___wmul                   text6        001E4B
__end_of___xxtofl                 text27       001297
__end_of__initialization          cinit        0007FC
__end_of__stringtab               strings      001806
__end_of_configure_ADC            text36       001D58
__end_of_efgtoa                   text7_split_1 0007E8
__end_of_floorf                   text15       0015B5
__end_of_fputc                    text11       00113F
__end_of_fputs                    text10       001EC5
__end_of_labs                     text14       001D8E
__end_of_lcd_command              text35       001F1F
__end_of_lcd_data                 text33       001031
__end_of_lcd_initialize           text34       001E9A
__end_of_lcd_string               text32       001DA5
__end_of_main                     maintext     0000C3
__end_of_memcpy                   text13       001DDF
__end_of_pad                      text9        001F5D
__end_of_putch                    text12       001002
__end_of_readHumidity             text23       001800
__end_of_readTemperature          text22       0014A6
__end_of_read_ADC_result          text26       001D65
__end_of_read_prec_or_width       text5        002000
__end_of_sprintf                  text2        001EF0
__end_of_start_ADC_conversion     text25       001D40
__end_of_strcpy                   text8        001DBE
__end_of_strlen                   text1        001D79
__end_of_vfpfcnvrt                text4        0016CB
__end_of_vfprintf                 text3        001E02
__end_of_wait_for_conversion      text24       001D47
__initialization                  cinit        0007E8
__pbssBANK1                       bssBANK1     0000EF
__pbssBANK2                       bssBANK2     000110
__pbssBANK3                       bssBANK3     0001C4
__pcstackBANK0                    cstackBANK0  000020
__pcstackBANK1                    cstackBANK1  0000A0
__pcstackBANK3                    cstackBANK3  000190
__pcstackCOMMON                   cstackCOMMON 000070
__pmaintext                       maintext     000003
__pstrings                        strings      001800
__ptext1                          text1        001D65
__ptext10                         text10       001E9A
__ptext11                         text11       0010A5
__ptext12                         text12       001001
__ptext13                         text13       001DBE
__ptext14                         text14       001D79
__ptext15                         text15       0014A6
__ptext16                         text16       00080B
__ptext17                         text17       001031
__ptext18                         text18       001E02
__ptext19                         text19       000800
__ptext2                          text2        001EC5
__ptext20                         text20       00113F
__ptext21                         text21       001F5D
__ptext22                         text22       00139E
__ptext23                         text23       0016CB
__ptext24                         text24       001D40
__ptext25                         text25       001D3C
__ptext26                         text26       001D58
__ptext27                         text27       0011E3
__ptext28                         text28       000CBE
__ptext29                         text29       001E4B
__ptext3                          text3        001DDF
__ptext30                         text30       000898
__ptext31                         text31       000A62
__ptext32                         text32       001D8E
__ptext33                         text33       001002
__ptext34                         text34       001E72
__ptext35                         text35       001EF0
__ptext36                         text36       001D4F
__ptext4                          text4        0015B5
__ptext5                          text5        001FAB
__ptext6                          text6        001E26
__ptext7                          text7        001297
__ptext8                          text8        001DA5
__ptext9                          text9        001F1F
__stringbase                      strings      001805
__stringtab                       strings      001800
_configure_ADC                    text36       001D4F
_dbuf                             bssBANK2     000110
_efgtoa                           text7        001297
_efgtoa$791                       cstackBANK1  0000B1
_flags                            bssBANK1     0000EF
_floorf                           text15       0014A6
_fputc                            text11       0010A5
_fputs                            text10       001E9A
_labs                             text14       001D79
_lcd_command                      text35       001EF0
_lcd_data                         text33       001002
_lcd_initialize                   text34       001E72
_lcd_string                       text32       001D8E
_main                             maintext     000003
_memcpy                           text13       001DBE
_pad                              text9        001F1F
_prec                             bssBANK3     0001D2
_putch                            text12       001001
_readHumidity                     text23       0016CB
_readHumidity$1095                cstackBANK0  000064
_readTemperature                  text22       00139E
_read_ADC_result                  text26       001D58
_read_prec_or_width               text5        001FAB
_sprintf                          text2        001EC5
_start_ADC_conversion             text25       001D3C
_strcpy                           text8        001DA5
_strlen                           text1        001D65
_vfpfcnvrt                        text4        0015B5
_vfprintf                         text3        001DDF
_wait_for_conversion              text24       001D40
_width                            bssBANK3     0001D0
btemp                             (abs)        00007E
clear_ram0                        clrtext      001D47
efgtoa@c                          cstackBANK1  0000A6
efgtoa@d                          cstackBANK1  0000B6
efgtoa@e                          cstackBANK1  0000BA
efgtoa@f                          cstackBANK1  0000A2
efgtoa@fp                         cstackBANK1  0000A0
efgtoa@g                          cstackBANK1  0000CF
efgtoa@h                          cstackBANK1  0000C4
efgtoa@i                          cstackBANK1  0000C2
efgtoa@l                          cstackBANK1  0000C8
efgtoa@m                          cstackBANK1  0000B8
efgtoa@mode                       cstackBANK1  0000B4
efgtoa@n                          cstackBANK1  0000CD
efgtoa@ne                         cstackBANK1  0000AB
efgtoa@nmode                      cstackBANK1  0000B5
efgtoa@ou                         cstackBANK1  0000BE
efgtoa@p                          cstackBANK1  0000AD
efgtoa@pp                         cstackBANK1  0000B3
efgtoa@sign                       cstackBANK1  0000CC
efgtoa@t                          cstackBANK1  0000AF
efgtoa@u                          cstackBANK1  0000D3
efgtoa@w                          cstackBANK1  0000BC
end_of_initialization             cinit        0007FC
floorf@F521                       bssBANK3     0001C4
floorf@e                          cstackBANK0  00006A
floorf@m                          cstackBANK0  000066
floorf@u                          cstackBANK0  00006C
floorf@x                          cstackBANK0  00005C
fputc@c                           cstackCOMMON 000070
fputc@fp                          cstackCOMMON 000072
fputs@c                           cstackBANK0  000025
fputs@fp                          cstackBANK0  000021
fputs@i                           cstackBANK0  000026
fputs@s                           cstackBANK0  000020
intlevel0                         functab      000000
intlevel1                         functab      000000
intlevel2                         functab      000000
intlevel3                         functab      000000
intlevel4                         functab      000000
intlevel5                         functab      000000
labs@a                            cstackCOMMON 000070
lcd_command@cmd                   cstackCOMMON 000072
lcd_data@data                     cstackCOMMON 000072
lcd_string@i                      cstackCOMMON 000076
lcd_string@len                    cstackCOMMON 000074
lcd_string@str                    cstackCOMMON 000073
main@humidity_str                 cstackBANK3  0001AC
main@humidity_value               cstackBANK3  0001C0
main@temperature_str              cstackBANK3  00019C
main@temperature_value            cstackBANK3  0001BC
memcpy@d                          cstackCOMMON 000075
memcpy@d1                         cstackCOMMON 000070
memcpy@n                          cstackCOMMON 000072
memcpy@s                          cstackCOMMON 000076
memcpy@s1                         cstackCOMMON 000071
memcpy@tmp                        cstackCOMMON 000074
pad@buf                           cstackBANK0  00002A
pad@fp                            cstackBANK0  000028
pad@i                             cstackBANK0  00002D
pad@p                             cstackBANK0  00002B
pnum$text7                        (abs)        000013
pnum$text7_split_1                (abs)        000032
psplit$0                          (abs)        130032
readHumidity@humidity_value       cstackBANK0  000060
readHumidity@i                    cstackBANK0  00006C
readHumidity@sum                  cstackBANK0  000068
readTemperature@i                 cstackBANK0  000068
readTemperature@sum               cstackBANK0  000064
readTemperature@temperature_value cstackBANK0  000060
read_ADC_result@ADC_result        cstackCOMMON 000072
read_prec_or_width@ap             cstackCOMMON 000077
read_prec_or_width@c              cstackCOMMON 000078
read_prec_or_width@fmt            cstackCOMMON 000076
read_prec_or_width@n              cstackCOMMON 000079
reset_vec                         reset_vec    000000
sprintf@ap                        cstackBANK3  000190
sprintf@f                         cstackBANK3  000191
sprintf@fmt                       cstackBANK1  0000E9
sprintf@s                         cstackBANK1  0000E8
start                             init         000000
start_initialization              cinit        0007E8
strcpy@d                          cstackCOMMON 000072
strcpy@dest                       cstackCOMMON 000070
strcpy@src                        cstackCOMMON 000071
strlen@a                          cstackCOMMON 000072
strlen@s                          cstackCOMMON 000070
vfpfcnvrt@ap                      cstackBANK1  0000DA
vfpfcnvrt@c                       cstackBANK1  0000E1
vfpfcnvrt@convarg                 cstackBANK1  0000DD
vfpfcnvrt@cp                      cstackBANK1  0000E2
vfpfcnvrt@fmt                     cstackBANK1  0000D9
vfpfcnvrt@fp                      cstackBANK1  0000D7
vfprintf@ap                       cstackBANK1  0000E6
vfprintf@cfmt                     cstackBANK1  0000E7
vfprintf@fmt                      cstackBANK1  0000E5
vfprintf@fp                       cstackBANK1  0000E3
wtemp0                            (abs)        00007E


MODULE INFORMATION

Module		Function		Class		Link	Load	Size
C:\Program Files\Microchip\xc8\v2.50\pic\sources\c99\common\memcpy.c
		_memcpy        		CODE           	1DBE	0000	33

C:\Program Files\Microchip\xc8\v2.50\pic\sources\c99\common\memcpy.c estimated size: 33

C:\Program Files\Microchip\xc8\v2.50\pic\sources\c99\common\flneg.c
		___flneg       		CODE           	0800	0000	11

C:\Program Files\Microchip\xc8\v2.50\pic\sources\c99\common\flneg.c estimated size: 11

C:\Program Files\Microchip\xc8\v2.50\pic\sources\c99\common\Umul16.c
		___wmul        		CODE           	1E26	0000	37

C:\Program Files\Microchip\xc8\v2.50\pic\sources\c99\common\Umul16.c estimated size: 37

C:\Program Files\Microchip\xc8\v2.50\pic\sources\c99\common\nf_fputs.c
		_fputs         		CODE           	1E9A	0000	43

C:\Program Files\Microchip\xc8\v2.50\pic\sources\c99\common\nf_fputs.c estimated size: 43

C:\Program Files\Microchip\xc8\v2.50\pic\sources\c99\common\sprcmul.c
		___flmul       		CODE           	0CBE	0000	834

C:\Program Files\Microchip\xc8\v2.50\pic\sources\c99\common\sprcmul.c estimated size: 834

C:\Program Files\Microchip\xc8\v2.50\pic\sources\c99\common\sprcdiv.c
		___fldiv       		CODE           	0898	0000	458

C:\Program Files\Microchip\xc8\v2.50\pic\sources\c99\common\sprcdiv.c estimated size: 458

C:\Program Files\Microchip\xc8\v2.50\pic\sources\c99\common\floorf.c
		_floorf        		CODE           	14A6	0000	271

C:\Program Files\Microchip\xc8\v2.50\pic\sources\c99\common\floorf.c estimated size: 271

C:\Program Files\Microchip\xc8\v2.50\pic\sources\c99\common\putch.c
		_putch         		CODE           	1001	0000	1

C:\Program Files\Microchip\xc8\v2.50\pic\sources\c99\common\putch.c estimated size: 1

C:\Program Files\Microchip\xc8\v2.50\pic\sources\c99\common\fleq.c
		___fleq        		CODE           	1F5D	0000	78

C:\Program Files\Microchip\xc8\v2.50\pic\sources\c99\common\fleq.c estimated size: 78

C:\Program Files\Microchip\xc8\v2.50\pic\sources\c99\common\xxtofl.c
		___xxtofl      		CODE           	11E3	0000	180

C:\Program Files\Microchip\xc8\v2.50\pic\sources\c99\common\xxtofl.c estimated size: 180

C:\Program Files\Microchip\xc8\v2.50\pic\sources\c99\common\Umul8_16.c
		__Umul8_16     		CODE           	1E4B	0000	39

C:\Program Files\Microchip\xc8\v2.50\pic\sources\c99\common\Umul8_16.c estimated size: 39

C:\Program Files\Microchip\xc8\v2.50\pic\sources\c99\common\__fpclassifyf.c
		___fpclassifyf 		CODE           	080B	0000	141

C:\Program Files\Microchip\xc8\v2.50\pic\sources\c99\common\__fpclassifyf.c estimated size: 141

C:\Program Files\Microchip\xc8\v2.50\pic\sources\c99\common\strlen.c
		_strlen        		CODE           	1D65	0000	20

C:\Program Files\Microchip\xc8\v2.50\pic\sources\c99\common\strlen.c estimated size: 20

C:\Program Files\Microchip\xc8\v2.50\pic\sources\c99\common\strcpy.c
		_strcpy        		CODE           	1DA5	0000	25

C:\Program Files\Microchip\xc8\v2.50\pic\sources\c99\common\strcpy.c estimated size: 25

C:\Program Files\Microchip\xc8\v2.50\pic\sources\c99\common\sprcadd.c
		___flsub       		CODE           	1E02	0000	36
		___fladd       		CODE           	0A62	0000	604

C:\Program Files\Microchip\xc8\v2.50\pic\sources\c99\common\sprcadd.c estimated size: 640

C:\Program Files\Microchip\xc8\v2.50\pic\sources\c99\common\nf_sprintf.c
		_sprintf       		CODE           	1EC5	0000	43

C:\Program Files\Microchip\xc8\v2.50\pic\sources\c99\common\nf_sprintf.c estimated size: 43

C:\Program Files\Microchip\xc8\v2.50\pic\sources\c99\common\nf_fputc.c
		_fputc         		CODE           	10A5	0000	154

C:\Program Files\Microchip\xc8\v2.50\pic\sources\c99\common\nf_fputc.c estimated size: 154

shared
		__stringtab    		STRING         	1800	0000	6
		__initialization		CODE           	07E8	0000	20

shared estimated size: 26

C:\Program Files\Microchip\xc8\v2.50\pic\sources\c99\common\fltol.c
		___fltol       		CODE           	1031	0000	116

C:\Program Files\Microchip\xc8\v2.50\pic\sources\c99\common\fltol.c estimated size: 116

C:\Program Files\Microchip\xc8\v2.50\pic\sources\c99\common\doprnt.c
		_read_prec_or_width		CODE           	1FAB	0000	85
		_vfpfcnvrt     		CODE           	15B5	0000	278
		_efgtoa        		CODE           	1297	0000	2092
		_pad           		CODE           	1F1F	0000	62
		_vfprintf      		CODE           	1DDF	0000	35

C:\Program Files\Microchip\xc8\v2.50\pic\sources\c99\common\doprnt.c estimated size: 2552

lcd.c
		_lcd_command   		CODE           	1EF0	0000	47
		_lcd_data      		CODE           	1002	0000	47
		_lcd_initialize		CODE           	1E72	0000	40
		_lcd_string    		CODE           	1D8E	0000	23

lcd.c estimated size: 157

C:\Program Files\Microchip\xc8\v2.50\pic\sources\c99\common\labs.c
		_labs          		CODE           	1D79	0000	21

C:\Program Files\Microchip\xc8\v2.50\pic\sources\c99\common\labs.c estimated size: 21

main.c
		_start_ADC_conversion		CODE           	1D3C	0000	4
		_configure_ADC 		CODE           	1D4F	0000	9
		_wait_for_conversion		CODE           	1D40	0000	7
		_main          		CODE           	0003	0000	192
		_read_ADC_result		CODE           	1D58	0000	13
		_readHumidity  		CODE           	16CB	0000	309
		_readTemperature		CODE           	139E	0000	264

main.c estimated size: 798

C:\Program Files\Microchip\xc8\v2.50\pic\sources\c99\common\flge.c
		___flge        		CODE           	113F	0000	164

C:\Program Files\Microchip\xc8\v2.50\pic\sources\c99\common\flge.c estimated size: 164

